Archive member included to satisfy reference by file (symbol)

/home/esp32-dev/Desktop/GitHub/ESP32_SGTL5000_driver/build/cxx/libcxx.a(cxx_guards.o)
                              (__cxa_guard_dummy)
/home/esp32-dev/Desktop/GitHub/ESP32_SGTL5000_driver/build/esp32/libesp32.a(cpu_start.o)
                              (call_start_cpu0)
/home/esp32-dev/Desktop/GitHub/ESP32_SGTL5000_driver/build/esp32/libesp32.a(crosscore_int.o)
                              /home/esp32-dev/Desktop/GitHub/ESP32_SGTL5000_driver/build/esp32/libesp32.a(cpu_start.o) (esp_crosscore_int_init)
/home/esp32-dev/Desktop/GitHub/ESP32_SGTL5000_driver/build/esp32/libesp32.a(heap_alloc_caps.o)
                              /home/esp32-dev/Desktop/GitHub/ESP32_SGTL5000_driver/build/esp32/libesp32.a(cpu_start.o) (heap_alloc_enable_nonos_stack_tag)
/home/esp32-dev/Desktop/GitHub/ESP32_SGTL5000_driver/build/esp32/libesp32.a(intr_alloc.o)
                              /home/esp32-dev/Desktop/GitHub/ESP32_SGTL5000_driver/build/esp32/libesp32.a(crosscore_int.o) (esp_intr_alloc)
/home/esp32-dev/Desktop/GitHub/ESP32_SGTL5000_driver/build/esp32/libesp32.a(int_wdt.o)
                              /home/esp32-dev/Desktop/GitHub/ESP32_SGTL5000_driver/build/esp32/libesp32.a(cpu_start.o) (esp_int_wdt_init)
/home/esp32-dev/Desktop/GitHub/ESP32_SGTL5000_driver/build/esp32/libesp32.a(ipc.o)
                              /home/esp32-dev/Desktop/GitHub/ESP32_SGTL5000_driver/build/esp32/libesp32.a(cpu_start.o) (esp_ipc_init)
/home/esp32-dev/Desktop/GitHub/ESP32_SGTL5000_driver/build/esp32/libesp32.a(panic.o)
                              /home/esp32-dev/Desktop/GitHub/ESP32_SGTL5000_driver/build/cxx/libcxx.a(cxx_guards.o) (abort)
/home/esp32-dev/Desktop/GitHub/ESP32_SGTL5000_driver/build/esp32/libesp32.a(system_api.o)
                              /home/esp32-dev/Desktop/GitHub/ESP32_SGTL5000_driver/build/esp32/libesp32.a(panic.o) (esp_restart_noos)
/home/esp32-dev/Desktop/GitHub/ESP32_SGTL5000_driver/build/esp32/libesp32.a(task_wdt.o)
                              /home/esp32-dev/Desktop/GitHub/ESP32_SGTL5000_driver/build/esp32/libesp32.a(cpu_start.o) (esp_task_wdt_init)
/home/esp32-dev/Desktop/GitHub/ESP32_SGTL5000_driver/build/esp32/libesp32.a(cache_err_int.o)
                              /home/esp32-dev/Desktop/GitHub/ESP32_SGTL5000_driver/build/esp32/libesp32.a(cpu_start.o) (esp_cache_err_int_init)
/home/esp32-dev/Desktop/GitHub/ESP32_SGTL5000_driver/build/esp32/libesp32.a(cpu_freq.o)
                              /home/esp32-dev/Desktop/GitHub/ESP32_SGTL5000_driver/build/esp32/libesp32.a(cpu_start.o) (esp_set_cpu_freq)
/home/esp32-dev/Desktop/GitHub/ESP32_SGTL5000_driver/build/esp32/libesp32.a(freertos_hooks.o)
                              /home/esp32-dev/Desktop/GitHub/ESP32_SGTL5000_driver/build/esp32/libesp32.a(task_wdt.o) (esp_register_freertos_idle_hook)
/home/esp32-dev/Desktop/GitHub/esp-idf/components/esp32/libhal.a(int_asm--set_intclear.o)
                              /home/esp32-dev/Desktop/GitHub/ESP32_SGTL5000_driver/build/esp32/libesp32.a(intr_alloc.o) (xthal_set_intclear)
/home/esp32-dev/Desktop/GitHub/ESP32_SGTL5000_driver/build/freertos/libfreertos.a(FreeRTOS-openocd.o)
                              (uxTopUsedPriority)
/home/esp32-dev/Desktop/GitHub/ESP32_SGTL5000_driver/build/freertos/libfreertos.a(heap_regions.o)
                              /home/esp32-dev/Desktop/GitHub/ESP32_SGTL5000_driver/build/esp32/libesp32.a(heap_alloc_caps.o) (pvPortMallocTagged)
/home/esp32-dev/Desktop/GitHub/ESP32_SGTL5000_driver/build/freertos/libfreertos.a(port.o)
                              /home/esp32-dev/Desktop/GitHub/ESP32_SGTL5000_driver/build/esp32/libesp32.a(cpu_start.o) (port_xSchedulerRunning)
/home/esp32-dev/Desktop/GitHub/ESP32_SGTL5000_driver/build/freertos/libfreertos.a(queue.o)
                              /home/esp32-dev/Desktop/GitHub/ESP32_SGTL5000_driver/build/esp32/libesp32.a(ipc.o) (xQueueGenericCreate)
/home/esp32-dev/Desktop/GitHub/ESP32_SGTL5000_driver/build/freertos/libfreertos.a(tasks.o)
                              /home/esp32-dev/Desktop/GitHub/ESP32_SGTL5000_driver/build/esp32/libesp32.a(system_api.o) (vTaskSuspendAll)
/home/esp32-dev/Desktop/GitHub/ESP32_SGTL5000_driver/build/freertos/libfreertos.a(timers.o)
                              /home/esp32-dev/Desktop/GitHub/ESP32_SGTL5000_driver/build/freertos/libfreertos.a(tasks.o) (xTimerCreateTimerTask)
/home/esp32-dev/Desktop/GitHub/ESP32_SGTL5000_driver/build/freertos/libfreertos.a(xtensa_init.o)
                              /home/esp32-dev/Desktop/GitHub/ESP32_SGTL5000_driver/build/freertos/libfreertos.a(port.o) (_xt_tick_divisor_init)
/home/esp32-dev/Desktop/GitHub/ESP32_SGTL5000_driver/build/freertos/libfreertos.a(xtensa_intr.o)
                              /home/esp32-dev/Desktop/GitHub/ESP32_SGTL5000_driver/build/esp32/libesp32.a(intr_alloc.o) (xt_unhandled_interrupt)
/home/esp32-dev/Desktop/GitHub/ESP32_SGTL5000_driver/build/freertos/libfreertos.a(portasm.o)
[...]
Memory Configuration

Name             Origin             Length             Attributes
iram0_0_seg      0x40080000         0x00020000         xr
iram0_2_seg      0x400d0018         0x00330000         xr
dram0_0_seg      0x3ffb0000         0x00050000         rw
drom0_0_seg      0x3f400010         0x00800000         r
rtc_iram_seg     0x400c0000         0x00002000         xrw
rtc_slow_seg     0x50000000         0x00001000         rw
*default*        0x00000000         0xffffffff

Linker script and memory map

START GROUP
LOAD /home/esp32-dev/Desktop/GitHub/ESP32_SGTL5000_driver/build/app_update/libapp_update.a
LOAD /home/esp32-dev/Desktop/GitHub/ESP32_SGTL5000_driver/build/bootloader_support/libbootloader_support.a
LOAD /home/esp32-dev/Desktop/GitHub/ESP32_SGTL5000_driver/build/bt/libbt.a
LOAD /home/esp32-dev/Desktop/GitHub/ESP32_SGTL5000_driver/build/coap/libcoap.a
LOAD /home/esp32-dev/Desktop/GitHub/ESP32_SGTL5000_driver/build/cxx/libcxx.a
LOAD /home/esp32-dev/Desktop/GitHub/ESP32_SGTL5000_driver/build/driver/libdriver.a
LOAD /home/esp32-dev/Desktop/GitHub/ESP32_SGTL5000_driver/build/esp32/libesp32.a
LOAD /home/esp32-dev/Desktop/GitHub/esp-idf/components/esp32/libhal.a
LOAD /home/esp32-dev/Desktop/GitHub/esp-idf/components/esp32/lib/libcore.a
LOAD /home/esp32-dev/Desktop/GitHub/esp-idf/components/esp32/lib/librtc.a
LOAD /home/esp32-dev/Desktop/GitHub/ESP32_SGTL5000_driver/build/ethernet/libethernet.a
LOAD /home/esp32-dev/Desktop/GitHub/ESP32_SGTL5000_driver/build/expat/libexpat.a
LOAD /home/esp32-dev/Desktop/GitHub/ESP32_SGTL5000_driver/build/fatfs/libfatfs.a
LOAD /home/esp32-dev/Desktop/GitHub/ESP32_SGTL5000_driver/build/freertos/libfreertos.a
LOAD /home/esp32-dev/Desktop/GitHub/ESP32_SGTL5000_driver/build/jsmn/libjsmn.a
LOAD /home/esp32-dev/Desktop/GitHub/ESP32_SGTL5000_driver/build/json/libjson.a
LOAD /home/esp32-dev/Desktop/GitHub/ESP32_SGTL5000_driver/build/log/liblog.a
LOAD /home/esp32-dev/Desktop/GitHub/ESP32_SGTL5000_driver/build/lwip/liblwip.a
LOAD /home/esp32-dev/Desktop/GitHub/ESP32_SGTL5000_driver/build/mbedtls/libmbedtls.a
LOAD /home/esp32-dev/Desktop/GitHub/ESP32_SGTL5000_driver/build/mdns/libmdns.a
LOAD /home/esp32-dev/Desktop/GitHub/ESP32_SGTL5000_driver/build/micro-ecc/libmicro-ecc.a
LOAD /home/esp32-dev/Desktop/GitHub/esp-idf/components/newlib/lib/libc.a
LOAD /home/esp32-dev/Desktop/GitHub/esp-idf/components/newlib/lib/libm.a
LOAD /home/esp32-dev/Desktop/GitHub/ESP32_SGTL5000_driver/build/newlib/libnewlib.a
LOAD /home/esp32-dev/Desktop/GitHub/ESP32_SGTL5000_driver/build/nghttp/libnghttp.a
LOAD /home/esp32-dev/Desktop/GitHub/ESP32_SGTL5000_driver/build/nvs_flash/libnvs_flash.a
LOAD /home/esp32-dev/Desktop/GitHub/ESP32_SGTL5000_driver/build/openssl/libopenssl.a
LOAD /home/esp32-dev/Desktop/GitHub/ESP32_SGTL5000_driver/build/sdmmc/libsdmmc.a
LOAD /home/esp32-dev/Desktop/GitHub/ESP32_SGTL5000_driver/build/soc/libsoc.a
LOAD /home/esp32-dev/Desktop/GitHub/ESP32_SGTL5000_driver/build/spi_flash/libspi_flash.a
LOAD /home/esp32-dev/Desktop/GitHub/ESP32_SGTL5000_driver/build/tcpip_adapter/libtcpip_adapter.a
LOAD /home/esp32-dev/Desktop/GitHub/ESP32_SGTL5000_driver/build/ulp/libulp.a
LOAD /home/esp32-dev/Desktop/GitHub/ESP32_SGTL5000_driver/build/vfs/libvfs.a
LOAD /home/esp32-dev/Desktop/GitHub/ESP32_SGTL5000_driver/build/wpa_supplicant/libwpa_supplicant.a
LOAD /home/esp32-dev/Desktop/GitHub/ESP32_SGTL5000_driver/build/xtensa-debug-module/libxtensa-debug-module.a
LOAD /home/esp32-dev/Desktop/GitHub/ESP32_SGTL5000_driver/build/main/libmain.a
LOAD /home/esp32-dev/esp32/xtensa-esp32-elf/bin/../lib/gcc/xtensa-esp32-elf/5.2.0/libgcc.a
LOAD /home/esp32-dev/esp32/xtensa-esp32-elf/bin/../lib/gcc/xtensa-esp32-elf/5.2.0/../../../../xtensa-esp32-elf/lib/libstdc++.a
END GROUP
                0x40000000                _heap_end = 0x40000000

.rtc.text       0x400c0000        0x0
                0x400c0000                . = ALIGN (0x4)
 *(.rtc.literal .rtc.text)
 *rtc_wake_stub*.o(.literal .text .literal.* .text.*)

.rtc.data       0x50000000        0x0
                0x50000000                _rtc_data_start = ABSOLUTE (.)
 *(.rtc.data)
 *(.rtc.rodata)
 *rtc_wake_stub*.o(.data .rodata .data.* .rodata.* .bss .bss.*)
                0x50000000                _rtc_data_end = ABSOLUTE (.)

.rtc.bss        0x50000000        0x0
                0x50000000                _rtc_bss_start = ABSOLUTE (.)
 *rtc_wake_stub*.o(.bss .bss.*)
 *rtc_wake_stub*.o(COMMON)
                0x50000000                _rtc_bss_end = ABSOLUTE (.)

.iram0.vectors  0x40080000      0x400
                0x40080000                _init_start = ABSOLUTE (.)
                0x00000000                . = 0x0
 *(.WindowVectors.text)
 .WindowVectors.text
                0x40080000      0x16a /home/esp32-dev/Desktop/GitHub/ESP32_SGTL5000_driver/build/freertos/libfreertos.a(xtensa_vectors.o)
                0x40080000                _WindowOverflow4
                0x40080040                _WindowUnderflow4
                0x40080050                _xt_alloca_exc
                0x40080080                _WindowOverflow8
                0x400800c0                _WindowUnderflow8
                0x40080100                _WindowOverflow12
                0x40080140                _WindowUnderflow12
                0x00000180                . = 0x180
 *fill*         0x4008016a       0x16 
 *(.Level2InterruptVector.text)
 .Level2InterruptVector.text
                0x40080180        0x6 /home/esp32-dev/Desktop/GitHub/ESP32_SGTL5000_driver/build/freertos/libfreertos.a(xtensa_vectors.o)
                0x40080180                _Level2Vector
                0x000001c0                . = 0x1c0
 *fill*         0x40080186       0x3a 
 *(.Level3InterruptVector.text)
 .Level3InterruptVector.text
                0x400801c0        0x6 /home/esp32-dev/Desktop/GitHub/ESP32_SGTL5000_driver/build/freertos/libfreertos.a(xtensa_vectors.o)
                0x400801c0                _Level3Vector
                0x00000200                . = 0x200
 *fill*         0x400801c6       0x3a 
 *(.Level4InterruptVector.text)
 .Level4InterruptVector.text
                0x40080200        0x6 /home/esp32-dev/Desktop/GitHub/ESP32_SGTL5000_driver/build/freertos/libfreertos.a(xtensa_vectors.o)
                0x40080200                _Level4Vector
                0x00000240                . = 0x240
 *fill*         0x40080206       0x3a 
 *(.Level5InterruptVector.text)
 .Level5InterruptVector.text
                0x40080240        0x6 /home/esp32-dev/Desktop/GitHub/ESP32_SGTL5000_driver/build/freertos/libfreertos.a(xtensa_vectors.o)
                0x40080240                _Level5Vector
                0x00000280                . = 0x280
 *fill*         0x40080246       0x3a 
 *(.DebugExceptionVector.text)
 .DebugExceptionVector.text
                0x40080280        0xf /home/esp32-dev/Desktop/GitHub/ESP32_SGTL5000_driver/build/freertos/libfreertos.a(xtensa_vectors.o)
                0x40080280                _DebugExceptionVector
                0x000002c0                . = 0x2c0
 *fill*         0x4008028f       0x31 
 *(.NMIExceptionVector.text)
 .NMIExceptionVector.text
                0x400802c0        0x6 /home/esp32-dev/Desktop/GitHub/ESP32_SGTL5000_driver/build/freertos/libfreertos.a(xtensa_vectors.o)
                0x400802c0                _NMIExceptionVector
                0x00000300                . = 0x300
 *fill*         0x400802c6       0x3a 
 *(.KernelExceptionVector.text)
 .KernelExceptionVector.text
                0x40080300        0x6 /home/esp32-dev/Desktop/GitHub/ESP32_SGTL5000_driver/build/freertos/libfreertos.a(xtensa_vectors.o)
                0x40080300                _KernelExceptionVector
                0x00000340                . = 0x340
 *fill*         0x40080306       0x3a 
 *(.UserExceptionVector.text)
 .UserExceptionVector.text
                0x40080340        0x6 /home/esp32-dev/Desktop/GitHub/ESP32_SGTL5000_driver/build/freertos/libfreertos.a(xtensa_vectors.o)
                0x40080340                _UserExceptionVector
                0x000003c0                . = 0x3c0
 *fill*         0x40080346       0x7a 
 *(.DoubleExceptionVector.text)
 .DoubleExceptionVector.text
                0x400803c0        0xf /home/esp32-dev/Desktop/GitHub/ESP32_SGTL5000_driver/build/freertos/libfreertos.a(xtensa_vectors.o)
                0x400803c0                _DoubleExceptionVector
                0x00000400                . = 0x400
 *fill*         0x400803cf       0x31 
 *(.*Vector.literal)
 *(.UserEnter.literal)
 *(.UserEnter.text)
                0x40080400                . = ALIGN (0x10)
 *(.entry.text)
 *(.init.literal)
 *(.init)
                0x40080400                _init_end = ABSOLUTE (.)
                0x00000000                _iram_start = 0x0

.iram0.text     0x40080400     0x753c
                0x40080400                _iram_text_start = ABSOLUTE (.)
 *(.iram1 .iram1.*)
 .iram1.literal
                0x40080400       0xa8 /home/esp32-dev/Desktop/GitHub/ESP32_SGTL5000_driver/build/esp32/libesp32.a(cpu_start.o)
                                0x174 (size before relaxing)
 .iram1.literal
                0x400804a8       0x1c /home/esp32-dev/Desktop/GitHub/ESP32_SGTL5000_driver/build/esp32/libesp32.a(crosscore_int.o)
                                 0x40 (size before relaxing)
 .iram1.literal
                0x400804c4       0x14 /home/esp32-dev/Desktop/GitHub/ESP32_SGTL5000_driver/build/esp32/libesp32.a(intr_alloc.o)
                                 0x5c (size before relaxing)
 .iram1.literal
                0x400804d8        0xc /home/esp32-dev/Desktop/GitHub/ESP32_SGTL5000_driver/build/esp32/libesp32.a(int_wdt.o)
 .iram1.literal
                0x400804e4       0x20 /home/esp32-dev/Desktop/GitHub/ESP32_SGTL5000_driver/build/esp32/libesp32.a(ipc.o)
                                 0x34 (size before relaxing)
 .iram1.literal
                0x40080504       0x38 /home/esp32-dev/Desktop/GitHub/ESP32_SGTL5000_driver/build/esp32/libesp32.a(system_api.o)
                                 0x5c (size before relaxing)
 .iram1.literal
                0x4008053c        0xc /home/esp32-dev/Desktop/GitHub/ESP32_SGTL5000_driver/build/esp32/libesp32.a(cache_err_int.o)
 .iram1.literal
                0x40080548        0x8 /home/esp32-dev/Desktop/GitHub/ESP32_SGTL5000_driver/build/esp32/libesp32.a(cpu_freq.o)
 .iram1.literal
                0x40080550        0x4 /home/esp32-dev/Desktop/GitHub/ESP32_SGTL5000_driver/build/esp32/libesp32.a(freertos_hooks.o)
 .iram1.literal
                0x40080554       0x4c /home/esp32-dev/Desktop/GitHub/ESP32_SGTL5000_driver/build/freertos/libfreertos.a(xtensa_vectors.o)
                                 0x68 (size before relaxing)
 .iram1.literal
                0x400805a0       0x28 /home/esp32-dev/Desktop/GitHub/ESP32_SGTL5000_driver/build/log/liblog.a(log.o)
                                 0x48 (size before relaxing)
 .iram1.literal
                0x400805c8       0x14 /home/esp32-dev/Desktop/GitHub/ESP32_SGTL5000_driver/build/newlib/libnewlib.a(locks.o)
                                 0x90 (size before relaxing)
 .iram1.literal
                0x400805dc        0x8 /home/esp32-dev/Desktop/GitHub/ESP32_SGTL5000_driver/build/newlib/libnewlib.a(reent_init.o)
                                 0x10 (size before relaxing)
 .iram1.literal
                0x400805e4        0x0 /home/esp32-dev/Desktop/GitHub/ESP32_SGTL5000_driver/build/newlib/libnewlib.a(syscalls.o)
                                 0x20 (size before relaxing)
 .iram1.literal
                0x400805e4       0x1c /home/esp32-dev/Desktop/GitHub/ESP32_SGTL5000_driver/build/newlib/libnewlib.a(time.o)
                                 0x34 (size before relaxing)
 .iram1.literal
                0x40080600       0x18 /home/esp32-dev/Desktop/GitHub/ESP32_SGTL5000_driver/build/soc/libsoc.a(cpu_util.o)
                                 0x2c (size before relaxing)
 .iram1.literal
                0x40080618       0x4c /home/esp32-dev/Desktop/GitHub/ESP32_SGTL5000_driver/build/spi_flash/libspi_flash.a(cache_utils.o)
                                 0xe0 (size before relaxing)
 .iram1.literal
                0x40080664       0x2c /home/esp32-dev/Desktop/GitHub/ESP32_SGTL5000_driver/build/spi_flash/libspi_flash.a(flash_ops.o)
                                 0xb4 (size before relaxing)
 .iram1.literal
                0x40080690       0x48 /home/esp32-dev/Desktop/GitHub/ESP32_SGTL5000_driver/build/spi_flash/libspi_flash.a(flash_mmap.o)
                                 0xb4 (size before relaxing)
 .iram1.literal
                0x400806d8       0x30 /home/esp32-dev/Desktop/GitHub/ESP32_SGTL5000_driver/build/vfs/libvfs.a(vfs_uart.o)
                                 0x88 (size before relaxing)
 .iram1.literal
                0x40080708       0x10 /home/esp32-dev/Desktop/GitHub/ESP32_SGTL5000_driver/build/driver/libdriver.a(i2c.o)
                                 0x24 (size before relaxing)
 .iram1.literal
                0x40080718        0xc /home/esp32-dev/Desktop/GitHub/ESP32_SGTL5000_driver/build/driver/libdriver.a(i2s.o)
                                 0x54 (size before relaxing)
 .literal.prvInsertBlockIntoFreeList
                0x40080724       0x14 /home/esp32-dev/Desktop/GitHub/ESP32_SGTL5000_driver/build/freertos/libfreertos.a(heap_regions.o)
 .literal.pvPortMallocTagged
                0x40080738       0x20 /home/esp32-dev/Desktop/GitHub/ESP32_SGTL5000_driver/build/freertos/libfreertos.a(heap_regions.o)
                                 0x44 (size before relaxing)
 .literal.vPortFreeTagged
                0x40080758        0x4 /home/esp32-dev/Desktop/GitHub/ESP32_SGTL5000_driver/build/freertos/libfreertos.a(heap_regions.o)
                                 0x38 (size before relaxing)
 .literal.vPortDefineHeapRegionsTagged
                0x4008075c        0x4 /home/esp32-dev/Desktop/GitHub/ESP32_SGTL5000_driver/build/freertos/libfreertos.a(heap_regions.o)
                                 0x64 (size before relaxing)
 .literal.pxPortInitialiseStack
                0x40080760        0x4 /home/esp32-dev/Desktop/GitHub/ESP32_SGTL5000_driver/build/freertos/libfreertos.a(port.o)
                                  0x8 (size before relaxing)
 .literal.xPortStartScheduler
                0x40080764        0x0 /home/esp32-dev/Desktop/GitHub/ESP32_SGTL5000_driver/build/freertos/libfreertos.a(port.o)
                                 0x14 (size before relaxing)
 .literal.xPortSysTickHandler
                0x40080764        0x0 /home/esp32-dev/Desktop/GitHub/ESP32_SGTL5000_driver/build/freertos/libfreertos.a(port.o)
                                  0x8 (size before relaxing)
 .literal.vPortYieldOtherCore
                0x40080764        0x0 /home/esp32-dev/Desktop/GitHub/ESP32_SGTL5000_driver/build/freertos/libfreertos.a(port.o)
                                  0x4 (size before relaxing)
 .literal.xPortInIsrContext
                0x40080764        0x8 /home/esp32-dev/Desktop/GitHub/ESP32_SGTL5000_driver/build/freertos/libfreertos.a(port.o)
 .literal.vPortCPUInitializeMutex
                0x4008076c        0x4 /home/esp32-dev/Desktop/GitHub/ESP32_SGTL5000_driver/build/freertos/libfreertos.a(port.o)
 .literal.vPortCPUAcquireMutex
                0x40080770        0x8 /home/esp32-dev/Desktop/GitHub/ESP32_SGTL5000_driver/build/freertos/libfreertos.a(port.o)
                                 0x10 (size before relaxing)
 .literal.vPortCPUReleaseMutex
                0x40080778        0x0 /home/esp32-dev/Desktop/GitHub/ESP32_SGTL5000_driver/build/freertos/libfreertos.a(port.o)
                                 0x10 (size before relaxing)
 .literal.vPortFirstTaskHook
                0x40080778        0x0 /home/esp32-dev/Desktop/GitHub/ESP32_SGTL5000_driver/build/freertos/libfreertos.a(port.o)
                                  0x4 (size before relaxing)
 .literal.prvCopyDataToQueue
                0x40080778        0x0 /home/esp32-dev/Desktop/GitHub/ESP32_SGTL5000_driver/build/freertos/libfreertos.a(queue.o)
                                  0xc (size before relaxing)
 .literal.prvNotifyQueueSetContainer
                0x40080778       0x14 /home/esp32-dev/Desktop/GitHub/ESP32_SGTL5000_driver/build/freertos/libfreertos.a(queue.o)
                                 0x2c (size before relaxing)
 .literal.prvCopyDataFromQueue
                0x4008078c        0x0 /home/esp32-dev/Desktop/GitHub/ESP32_SGTL5000_driver/build/freertos/libfreertos.a(queue.o)
                                  0x4 (size before relaxing)
 .literal.prvIsQueueFull
                0x4008078c        0x0 /home/esp32-dev/Desktop/GitHub/ESP32_SGTL5000_driver/build/freertos/libfreertos.a(queue.o)
                                  0x8 (size before relaxing)
 .literal.xQueueGenericReset
                0x4008078c        0x4 /home/esp32-dev/Desktop/GitHub/ESP32_SGTL5000_driver/build/freertos/libfreertos.a(queue.o)
                                 0x30 (size before relaxing)
 .literal.prvInitialiseNewQueue
                0x40080790        0x0 /home/esp32-dev/Desktop/GitHub/ESP32_SGTL5000_driver/build/freertos/libfreertos.a(queue.o)
                                  0x4 (size before relaxing)
 .literal.xQueueGenericCreate
                0x40080790        0x4 /home/esp32-dev/Desktop/GitHub/ESP32_SGTL5000_driver/build/freertos/libfreertos.a(queue.o)
                                 0x1c (size before relaxing)
 .literal.xQueueGetMutexHolder
                0x40080794        0x0 /home/esp32-dev/Desktop/GitHub/ESP32_SGTL5000_driver/build/freertos/libfreertos.a(queue.o)
                                  0x8 (size before relaxing)
 .literal.xQueueGenericSend
                0x40080794        0x4 /home/esp32-dev/Desktop/GitHub/ESP32_SGTL5000_driver/build/freertos/libfreertos.a(queue.o)
                                 0x7c (size before relaxing)
 .literal.prvInitialiseMutex
                0x40080798        0x0 /home/esp32-dev/Desktop/GitHub/ESP32_SGTL5000_driver/build/freertos/libfreertos.a(queue.o)
                                  0x8 (size before relaxing)
 .literal.xQueueCreateMutex
                0x40080798        0x0 /home/esp32-dev/Desktop/GitHub/ESP32_SGTL5000_driver/build/freertos/libfreertos.a(queue.o)
                                  0x8 (size before relaxing)
 .literal.xQueueGiveMutexRecursive
                0x40080798        0x4 /home/esp32-dev/Desktop/GitHub/ESP32_SGTL5000_driver/build/freertos/libfreertos.a(queue.o)
                                 0x1c (size before relaxing)
 .literal.xQueueGenericSendFromISR
                0x4008079c        0x4 /home/esp32-dev/Desktop/GitHub/ESP32_SGTL5000_driver/build/freertos/libfreertos.a(queue.o)
                                 0x3c (size before relaxing)
 .literal.xQueueGiveFromISR
                0x400807a0        0x4 /home/esp32-dev/Desktop/GitHub/ESP32_SGTL5000_driver/build/freertos/libfreertos.a(queue.o)
                                 0x30 (size before relaxing)
 .literal.xQueueGenericReceive
                0x400807a4        0x4 /home/esp32-dev/Desktop/GitHub/ESP32_SGTL5000_driver/build/freertos/libfreertos.a(queue.o)
                                 0x78 (size before relaxing)
 .literal.xQueueTakeMutexRecursive
                0x400807a8        0x4 /home/esp32-dev/Desktop/GitHub/ESP32_SGTL5000_driver/build/freertos/libfreertos.a(queue.o)
                                 0x1c (size before relaxing)
 .literal.xQueueReceiveFromISR
                0x400807ac        0x4 /home/esp32-dev/Desktop/GitHub/ESP32_SGTL5000_driver/build/freertos/libfreertos.a(queue.o)
                                 0x30 (size before relaxing)
 .literal.uxQueueSpacesAvailable
                0x400807b0        0x4 /home/esp32-dev/Desktop/GitHub/ESP32_SGTL5000_driver/build/freertos/libfreertos.a(queue.o)
                                 0x1c (size before relaxing)
 .literal.vQueueDelete
                0x400807b4        0x4 /home/esp32-dev/Desktop/GitHub/ESP32_SGTL5000_driver/build/freertos/libfreertos.a(queue.o)
                                 0x18 (size before relaxing)
 .literal.xQueueIsQueueFullFromISR
                0x400807b8        0x4 /home/esp32-dev/Desktop/GitHub/ESP32_SGTL5000_driver/build/freertos/libfreertos.a(queue.o)
                                 0x1c (size before relaxing)
 .literal.vQueueWaitForMessageRestricted
                0x400807bc        0x0 /home/esp32-dev/Desktop/GitHub/ESP32_SGTL5000_driver/build/freertos/libfreertos.a(queue.o)
                                  0xc (size before relaxing)
 .literal.prvResetNextTaskUnblockTime
                0x400807bc        0x8 /home/esp32-dev/Desktop/GitHub/ESP32_SGTL5000_driver/build/freertos/libfreertos.a(tasks.o)
 .literal.prvInitialiseNewTask
                0x400807c4        0x0 /home/esp32-dev/Desktop/GitHub/ESP32_SGTL5000_driver/build/freertos/libfreertos.a(tasks.o)
                                 0x18 (size before relaxing)
 .literal.prvInitialiseTaskLists
                0x400807c4       0x1c /home/esp32-dev/Desktop/GitHub/ESP32_SGTL5000_driver/build/freertos/libfreertos.a(tasks.o)
                                 0x38 (size before relaxing)
 .literal.prvAddCurrentTaskToDelayedList
                0x400807e0        0x4 /home/esp32-dev/Desktop/GitHub/ESP32_SGTL5000_driver/build/freertos/libfreertos.a(tasks.o)
                                 0x1c (size before relaxing)
 .literal.prvDeleteTCB
                0x400807e4       0x10 /home/esp32-dev/Desktop/GitHub/ESP32_SGTL5000_driver/build/freertos/libfreertos.a(tasks.o)
                                 0x28 (size before relaxing)
 .literal.taskYIELD_OTHER_CORE
                0x400807f4        0x0 /home/esp32-dev/Desktop/GitHub/ESP32_SGTL5000_driver/build/freertos/libfreertos.a(tasks.o)
                                 0x10 (size before relaxing)
 .literal.vTaskSuspendAll
                0x400807f4        0x4 /home/esp32-dev/Desktop/GitHub/ESP32_SGTL5000_driver/build/freertos/libfreertos.a(tasks.o)
                                  0x8 (size before relaxing)
 .literal.vTaskSwitchContext
                0x400807f8       0x14 /home/esp32-dev/Desktop/GitHub/ESP32_SGTL5000_driver/build/freertos/libfreertos.a(tasks.o)
                                 0x38 (size before relaxing)
 .literal.xTaskRemoveFromEventList
                0x4008080c        0x8 /home/esp32-dev/Desktop/GitHub/ESP32_SGTL5000_driver/build/freertos/libfreertos.a(tasks.o)
                                 0x58 (size before relaxing)
 .literal.vTaskSetTimeOutState
                0x40080814        0xc /home/esp32-dev/Desktop/GitHub/ESP32_SGTL5000_driver/build/freertos/libfreertos.a(tasks.o)
                                 0x20 (size before relaxing)
 .literal.xTaskGetCurrentTaskHandle
                0x40080820        0x0 /home/esp32-dev/Desktop/GitHub/ESP32_SGTL5000_driver/build/freertos/libfreertos.a(tasks.o)
                                  0x8 (size before relaxing)
 .literal.__getreent
                0x40080820        0x0 /home/esp32-dev/Desktop/GitHub/ESP32_SGTL5000_driver/build/freertos/libfreertos.a(tasks.o)
                                  0x8 (size before relaxing)
 .literal.pcTaskGetTaskName
                0x40080820        0x8 /home/esp32-dev/Desktop/GitHub/ESP32_SGTL5000_driver/build/freertos/libfreertos.a(tasks.o)
                                 0x1c (size before relaxing)
 .literal.xTaskGetAffinity
                0x40080828        0x0 /home/esp32-dev/Desktop/GitHub/ESP32_SGTL5000_driver/build/freertos/libfreertos.a(tasks.o)
                                  0x4 (size before relaxing)
 .literal.xTaskGetCurrentTaskHandleForCPU
                0x40080828        0x0 /home/esp32-dev/Desktop/GitHub/ESP32_SGTL5000_driver/build/freertos/libfreertos.a(tasks.o)
                                  0x4 (size before relaxing)
 .literal.xTaskGetSchedulerState
                0x40080828        0x4 /home/esp32-dev/Desktop/GitHub/ESP32_SGTL5000_driver/build/freertos/libfreertos.a(tasks.o)
                                  0xc (size before relaxing)
 .literal.vTaskEnterCritical
                0x4008082c        0x0 /home/esp32-dev/Desktop/GitHub/ESP32_SGTL5000_driver/build/freertos/libfreertos.a(tasks.o)
                                  0xc (size before relaxing)
 .literal.vTaskExitCritical
                0x4008082c        0x0 /home/esp32-dev/Desktop/GitHub/ESP32_SGTL5000_driver/build/freertos/libfreertos.a(tasks.o)
                                 0x10 (size before relaxing)
 .literal.prvAddNewTaskToReadyList
                0x4008082c        0x8 /home/esp32-dev/Desktop/GitHub/ESP32_SGTL5000_driver/build/freertos/libfreertos.a(tasks.o)
                                 0x44 (size before relaxing)
 .literal.xTaskCreatePinnedToCore
                0x40080834        0x0 /home/esp32-dev/Desktop/GitHub/ESP32_SGTL5000_driver/build/freertos/libfreertos.a(tasks.o)
                                 0x14 (size before relaxing)
 .literal.vTaskStartScheduler
                0x40080834        0xc /home/esp32-dev/Desktop/GitHub/ESP32_SGTL5000_driver/build/freertos/libfreertos.a(tasks.o)
                                 0x30 (size before relaxing)
 .literal.vTaskDelete
                0x40080840        0x8 /home/esp32-dev/Desktop/GitHub/ESP32_SGTL5000_driver/build/freertos/libfreertos.a(tasks.o)
                                 0x58 (size before relaxing)
 .literal.prvCheckTasksWaitingTermination
                0x40080848        0x0 /home/esp32-dev/Desktop/GitHub/ESP32_SGTL5000_driver/build/freertos/libfreertos.a(tasks.o)
                                 0x20 (size before relaxing)
 .literal.prvIdleTask
                0x40080848        0x0 /home/esp32-dev/Desktop/GitHub/ESP32_SGTL5000_driver/build/freertos/libfreertos.a(tasks.o)
                                  0x8 (size before relaxing)
 .literal.xTaskGetTickCount
                0x40080848        0x4 /home/esp32-dev/Desktop/GitHub/ESP32_SGTL5000_driver/build/freertos/libfreertos.a(tasks.o)
                                 0x10 (size before relaxing)
 .literal.xTaskIncrementTick
                0x4008084c        0xc /home/esp32-dev/Desktop/GitHub/ESP32_SGTL5000_driver/build/freertos/libfreertos.a(tasks.o)
                                 0x78 (size before relaxing)
 .literal.xTaskResumeAll
                0x40080858        0x8 /home/esp32-dev/Desktop/GitHub/ESP32_SGTL5000_driver/build/freertos/libfreertos.a(tasks.o)
                                 0x5c (size before relaxing)
 .literal.vTaskPlaceOnEventList
                0x40080860        0x8 /home/esp32-dev/Desktop/GitHub/ESP32_SGTL5000_driver/build/freertos/libfreertos.a(tasks.o)
                                 0x40 (size before relaxing)
 .literal.vTaskPlaceOnEventListRestricted
                0x40080868        0x8 /home/esp32-dev/Desktop/GitHub/ESP32_SGTL5000_driver/build/freertos/libfreertos.a(tasks.o)
                                 0x38 (size before relaxing)
 .literal.xTaskCheckForTimeOut
                0x40080870        0xc /home/esp32-dev/Desktop/GitHub/ESP32_SGTL5000_driver/build/freertos/libfreertos.a(tasks.o)
                                 0x3c (size before relaxing)
 .literal.vTaskPriorityInherit
                0x4008087c        0x0 /home/esp32-dev/Desktop/GitHub/ESP32_SGTL5000_driver/build/freertos/libfreertos.a(tasks.o)
                                 0x2c (size before relaxing)
 .literal.xTaskPriorityDisinherit
                0x4008087c        0x8 /home/esp32-dev/Desktop/GitHub/ESP32_SGTL5000_driver/build/freertos/libfreertos.a(tasks.o)
                                 0x40 (size before relaxing)
 .literal.pvTaskIncrementMutexHeldCount
                0x40080884        0x0 /home/esp32-dev/Desktop/GitHub/ESP32_SGTL5000_driver/build/freertos/libfreertos.a(tasks.o)
                                 0x10 (size before relaxing)
 .literal.prvGetNextExpireTime
                0x40080884        0x4 /home/esp32-dev/Desktop/GitHub/ESP32_SGTL5000_driver/build/freertos/libfreertos.a(timers.o)
 .literal.prvInsertTimerInActiveList
                0x40080888        0x4 /home/esp32-dev/Desktop/GitHub/ESP32_SGTL5000_driver/build/freertos/libfreertos.a(timers.o)
                                 0x10 (size before relaxing)
 .literal.prvCheckForValidListAndQueue
                0x4008088c       0x1c /home/esp32-dev/Desktop/GitHub/ESP32_SGTL5000_driver/build/freertos/libfreertos.a(timers.o)
                                 0x44 (size before relaxing)
 .literal.xTimerCreateTimerTask
                0x400808a8       0x10 /home/esp32-dev/Desktop/GitHub/ESP32_SGTL5000_driver/build/freertos/libfreertos.a(timers.o)
                                 0x2c (size before relaxing)
 .literal.xTimerGenericCommand
                0x400808b8        0x0 /home/esp32-dev/Desktop/GitHub/ESP32_SGTL5000_driver/build/freertos/libfreertos.a(timers.o)
                                 0x14 (size before relaxing)
 .literal.prvSwitchTimerLists
                0x400808b8        0x4 /home/esp32-dev/Desktop/GitHub/ESP32_SGTL5000_driver/build/freertos/libfreertos.a(timers.o)
                                 0x28 (size before relaxing)
 .literal.prvSampleTimeNow
                0x400808bc        0x4 /home/esp32-dev/Desktop/GitHub/ESP32_SGTL5000_driver/build/freertos/libfreertos.a(timers.o)
                                  0xc (size before relaxing)
 .literal.prvProcessExpiredTimer
                0x400808c0        0x4 /home/esp32-dev/Desktop/GitHub/ESP32_SGTL5000_driver/build/freertos/libfreertos.a(timers.o)
                                 0x24 (size before relaxing)
 .literal.prvProcessTimerOrBlockTask
                0x400808c4        0x0 /home/esp32-dev/Desktop/GitHub/ESP32_SGTL5000_driver/build/freertos/libfreertos.a(timers.o)
                                 0x24 (size before relaxing)
 .literal.prvProcessReceivedCommands
                0x400808c4        0x8 /home/esp32-dev/Desktop/GitHub/ESP32_SGTL5000_driver/build/freertos/libfreertos.a(timers.o)
                                 0x40 (size before relaxing)
 .literal.prvTimerTask
                0x400808cc        0x0 /home/esp32-dev/Desktop/GitHub/ESP32_SGTL5000_driver/build/freertos/libfreertos.a(timers.o)
                                  0xc (size before relaxing)
 .literal._xt_tick_divisor_init
                0x400808cc        0x8 /home/esp32-dev/Desktop/GitHub/ESP32_SGTL5000_driver/build/freertos/libfreertos.a(xtensa_init.o)
 .literal.xt_unhandled_interrupt
                0x400808d4        0x4 /home/esp32-dev/Desktop/GitHub/ESP32_SGTL5000_driver/build/freertos/libfreertos.a(xtensa_intr.o)
                                  0x8 (size before relaxing)
 .literal.xt_set_interrupt_handler
                0x400808d8        0x8 /home/esp32-dev/Desktop/GitHub/ESP32_SGTL5000_driver/build/freertos/libfreertos.a(xtensa_intr.o)
                                  0xc (size before relaxing)
 .literal       0x400808e0        0xc /home/esp32-dev/Desktop/GitHub/ESP32_SGTL5000_driver/build/freertos/libfreertos.a(portasm.o)
                                 0x54 (size before relaxing)
 .literal       0x400808ec        0x0 /home/esp32-dev/Desktop/GitHub/ESP32_SGTL5000_driver/build/freertos/libfreertos.a(xtensa_context.o)
                                 0x10 (size before relaxing)
 .literal.returnItemToRingbufBytebuf
                0x400808ec        0xc /home/esp32-dev/Desktop/GitHub/ESP32_SGTL5000_driver/build/freertos/libfreertos.a(ringbuf.o)
                                 0x1c (size before relaxing)
 .literal.returnItemToRingbufDefault
                0x400808f8        0x4 /home/esp32-dev/Desktop/GitHub/ESP32_SGTL5000_driver/build/freertos/libfreertos.a(ringbuf.o)
                                 0x44 (size before relaxing)
 .literal.getItemFromRingbufDefault
                0x400808fc        0x4 /home/esp32-dev/Desktop/GitHub/ESP32_SGTL5000_driver/build/freertos/libfreertos.a(ringbuf.o)
                                 0x24 (size before relaxing)
 .literal.copyItemToRingbufNoSplit
                0x40080900        0x4 /home/esp32-dev/Desktop/GitHub/ESP32_SGTL5000_driver/build/freertos/libfreertos.a(ringbuf.o)
                                 0x24 (size before relaxing)
 .literal.copyItemToRingbufByteBuf
                0x40080904        0x0 /home/esp32-dev/Desktop/GitHub/ESP32_SGTL5000_driver/build/freertos/libfreertos.a(ringbuf.o)
                                  0x8 (size before relaxing)
 .literal.copyItemToRingbufAllowSplit
                0x40080904        0x4 /home/esp32-dev/Desktop/GitHub/ESP32_SGTL5000_driver/build/freertos/libfreertos.a(ringbuf.o)
                                 0x34 (size before relaxing)
 .literal.xRingbufferCreate
                0x40080908       0x20 /home/esp32-dev/Desktop/GitHub/ESP32_SGTL5000_driver/build/freertos/libfreertos.a(ringbuf.o)
                                 0x58 (size before relaxing)
 .literal.vRingbufferDelete
                0x40080928        0x0 /home/esp32-dev/Desktop/GitHub/ESP32_SGTL5000_driver/build/freertos/libfreertos.a(ringbuf.o)
                                 0x10 (size before relaxing)
 .literal.xRingbufferSendFromISR
                0x40080928        0x4 /home/esp32-dev/Desktop/GitHub/ESP32_SGTL5000_driver/build/freertos/libfreertos.a(ringbuf.o)
                                 0x24 (size before relaxing)
 .literal.xRingbufferReceiveUpToFromISR
                0x4008092c        0x4 /home/esp32-dev/Desktop/GitHub/ESP32_SGTL5000_driver/build/freertos/libfreertos.a(ringbuf.o)
                                 0x24 (size before relaxing)
 .literal.vRingbufferReturnItemFromISR
                0x40080930        0x0 /home/esp32-dev/Desktop/GitHub/ESP32_SGTL5000_driver/build/freertos/libfreertos.a(ringbuf.o)
                                  0xc (size before relaxing)
 .literal.panicPutChar
                0x40080930        0x4 /home/esp32-dev/Desktop/GitHub/ESP32_SGTL5000_driver/build/esp32/libesp32.a(panic.o)
                                  0x8 (size before relaxing)
 .literal.panicPutStr
                0x40080934        0x0 /home/esp32-dev/Desktop/GitHub/ESP32_SGTL5000_driver/build/esp32/libesp32.a(panic.o)
                                  0x4 (size before relaxing)
 .literal.panicPutHex
                0x40080934        0x0 /home/esp32-dev/Desktop/GitHub/ESP32_SGTL5000_driver/build/esp32/libesp32.a(panic.o)
                                  0x8 (size before relaxing)
 .literal.panicPutDec
                0x40080934        0x4 /home/esp32-dev/Desktop/GitHub/ESP32_SGTL5000_driver/build/esp32/libesp32.a(panic.o)
                                 0x10 (size before relaxing)
 .literal.reconfigureAllWdts
                0x40080938        0xc /home/esp32-dev/Desktop/GitHub/ESP32_SGTL5000_driver/build/esp32/libesp32.a(panic.o)
                                 0x24 (size before relaxing)
 .literal.esp_panic_wdt_start
                0x40080944       0x18 /home/esp32-dev/Desktop/GitHub/ESP32_SGTL5000_driver/build/esp32/libesp32.a(panic.o)
                                 0x2c (size before relaxing)
 .literal.putEntry
                0x4008095c       0x10 /home/esp32-dev/Desktop/GitHub/ESP32_SGTL5000_driver/build/esp32/libesp32.a(panic.o)
                                 0x20 (size before relaxing)
 .literal.doBacktrace
                0x4008096c       0x10 /home/esp32-dev/Desktop/GitHub/ESP32_SGTL5000_driver/build/esp32/libesp32.a(panic.o)
                                 0x24 (size before relaxing)
 .literal.haltOtherCore
                0x4008097c        0x0 /home/esp32-dev/Desktop/GitHub/ESP32_SGTL5000_driver/build/esp32/libesp32.a(panic.o)
                                  0x4 (size before relaxing)
 .literal.esp_panic_dig_reset
                0x4008097c        0x0 /home/esp32-dev/Desktop/GitHub/ESP32_SGTL5000_driver/build/esp32/libesp32.a(panic.o)
                                 0x14 (size before relaxing)
 .literal.abort
                0x4008097c        0xc /home/esp32-dev/Desktop/GitHub/ESP32_SGTL5000_driver/build/esp32/libesp32.a(panic.o)
                                 0x10 (size before relaxing)
 .literal.vApplicationStackOverflowHook
                0x40080988        0x8 /home/esp32-dev/Desktop/GitHub/ESP32_SGTL5000_driver/build/esp32/libesp32.a(panic.o)
                                 0x18 (size before relaxing)
 .literal.esp_panic_wdt_stop
                0x40080990        0x0 /home/esp32-dev/Desktop/GitHub/ESP32_SGTL5000_driver/build/esp32/libesp32.a(panic.o)
                                 0x18 (size before relaxing)
 .literal.commonErrorHandler
                0x40080990       0x18 /home/esp32-dev/Desktop/GitHub/ESP32_SGTL5000_driver/build/esp32/libesp32.a(panic.o)
                                 0x54 (size before relaxing)
 .literal.panicHandler
                0x400809a8       0x38 /home/esp32-dev/Desktop/GitHub/ESP32_SGTL5000_driver/build/esp32/libesp32.a(panic.o)
                                 0x94 (size before relaxing)
 .literal.xt_unhandled_exception
                0x400809e0       0x1c /home/esp32-dev/Desktop/GitHub/ESP32_SGTL5000_driver/build/esp32/libesp32.a(panic.o)
                                 0x50 (size before relaxing)
 .literal.esp_set_breakpoint_if_jtag
                0x400809fc        0x0 /home/esp32-dev/Desktop/GitHub/ESP32_SGTL5000_driver/build/esp32/libesp32.a(panic.o)
                                  0x8 (size before relaxing)
 .literal._esp_error_check_failed
                0x400809fc        0xc /home/esp32-dev/Desktop/GitHub/ESP32_SGTL5000_driver/build/esp32/libesp32.a(panic.o)
                                 0x1c (size before relaxing)
 .literal.disable_mem_region
                0x40080a08        0xc /home/esp32-dev/Desktop/GitHub/ESP32_SGTL5000_driver/build/esp32/libesp32.a(heap_alloc_caps.o)
                                 0x14 (size before relaxing)
 .literal.dram_alloc_to_iram_addr
                0x40080a14       0x18 /home/esp32-dev/Desktop/GitHub/ESP32_SGTL5000_driver/build/esp32/libesp32.a(heap_alloc_caps.o)
                                 0x38 (size before relaxing)
 .literal.heap_alloc_enable_nonos_stack_tag
                0x40080a2c        0x4 /home/esp32-dev/Desktop/GitHub/ESP32_SGTL5000_driver/build/esp32/libesp32.a(heap_alloc_caps.o)
 .literal.heap_alloc_caps_init
                0x40080a30       0x44 /home/esp32-dev/Desktop/GitHub/ESP32_SGTL5000_driver/build/esp32/libesp32.a(heap_alloc_caps.o)
                                 0x84 (size before relaxing)
 .literal.vPortFree
                0x40080a74        0x8 /home/esp32-dev/Desktop/GitHub/ESP32_SGTL5000_driver/build/esp32/libesp32.a(heap_alloc_caps.o)
                                 0x10 (size before relaxing)
 .literal.pvPortMallocCaps
                0x40080a7c        0x0 /home/esp32-dev/Desktop/GitHub/ESP32_SGTL5000_driver/build/esp32/libesp32.a(heap_alloc_caps.o)
                                 0x18 (size before relaxing)
 .literal.pvPortMalloc
                0x40080a7c        0x0 /home/esp32-dev/Desktop/GitHub/ESP32_SGTL5000_driver/build/esp32/libesp32.a(heap_alloc_caps.o)
                                  0x4 (size before relaxing)
 .literal.rtc_clk_bbpll_set
                0x40080a7c        0x8 /home/esp32-dev/Desktop/GitHub/ESP32_SGTL5000_driver/build/soc/libsoc.a(rtc_clk.o)
                                 0x2c (size before relaxing)
 .literal.rtc_clk_xtal_freq_get
                0x40080a84        0xc /home/esp32-dev/Desktop/GitHub/ESP32_SGTL5000_driver/build/soc/libsoc.a(rtc_clk.o)
                                 0x1c (size before relaxing)
 .literal.rtc_clk_apb_freq_update
                0x40080a90        0x4 /home/esp32-dev/Desktop/GitHub/ESP32_SGTL5000_driver/build/soc/libsoc.a(rtc_clk.o)
                                  0x8 (size before relaxing)
 .literal.rtc_clk_cpu_freq_set
                0x40080a94       0x28 /home/esp32-dev/Desktop/GitHub/ESP32_SGTL5000_driver/build/soc/libsoc.a(rtc_clk.o)
                                 0x70 (size before relaxing)
 .literal.rtc_clk_apb_freq_get
                0x40080abc        0x0 /home/esp32-dev/Desktop/GitHub/ESP32_SGTL5000_driver/build/soc/libsoc.a(rtc_clk.o)
                                  0x8 (size before relaxing)
 .literal.rtc_init
                0x40080abc       0x88 /home/esp32-dev/Desktop/GitHub/ESP32_SGTL5000_driver/build/soc/libsoc.a(rtc_init.o)
                                 0xb4 (size before relaxing)
 .literal       0x40080b44        0x0 /home/esp32-dev/Desktop/GitHub/esp-idf/components/esp32/libhal.a(windowspill_asm.o)
                                  0x4 (size before relaxing)
 .literal.esp_rom_spiflash_read_status
                0x40080b44       0x10 /home/esp32-dev/Desktop/GitHub/ESP32_SGTL5000_driver/build/spi_flash/libspi_flash.a(spi_flash_rom_patch.o)
                                 0x14 (size before relaxing)
 .literal.esp_rom_spiflash_wait_idle
                0x40080b54        0x8 /home/esp32-dev/Desktop/GitHub/ESP32_SGTL5000_driver/build/spi_flash/libspi_flash.a(spi_flash_rom_patch.o)
                                  0xc (size before relaxing)
 .literal.esp_rom_spiflash_erase_block_internal
                0x40080b5c        0x4 /home/esp32-dev/Desktop/GitHub/ESP32_SGTL5000_driver/build/spi_flash/libspi_flash.a(spi_flash_rom_patch.o)
                                 0x18 (size before relaxing)
 .literal.esp_rom_spiflash_erase_sector_internal
                0x40080b60        0x0 /home/esp32-dev/Desktop/GitHub/ESP32_SGTL5000_driver/build/spi_flash/libspi_flash.a(spi_flash_rom_patch.o)
                                 0x18 (size before relaxing)
 .literal.esp_rom_spiflash_read_data
                0x40080b60        0x8 /home/esp32-dev/Desktop/GitHub/ESP32_SGTL5000_driver/build/spi_flash/libspi_flash.a(spi_flash_rom_patch.o)
                                 0x18 (size before relaxing)
 .literal.esp_rom_spiflash_enable_write
                0x40080b68        0x0 /home/esp32-dev/Desktop/GitHub/ESP32_SGTL5000_driver/build/spi_flash/libspi_flash.a(spi_flash_rom_patch.o)
                                 0x10 (size before relaxing)
 .literal.esp_rom_spiflash_program_page_internal
                0x40080b68        0x4 /home/esp32-dev/Desktop/GitHub/ESP32_SGTL5000_driver/build/spi_flash/libspi_flash.a(spi_flash_rom_patch.o)
                                 0x24 (size before relaxing)
 .literal.esp_rom_spiflash_read_statushigh
                0x40080b6c        0x4 /home/esp32-dev/Desktop/GitHub/ESP32_SGTL5000_driver/build/spi_flash/libspi_flash.a(spi_flash_rom_patch.o)
                                  0xc (size before relaxing)
 .literal.esp_rom_spiflash_write_status
                0x40080b70        0x4 /home/esp32-dev/Desktop/GitHub/ESP32_SGTL5000_driver/build/spi_flash/libspi_flash.a(spi_flash_rom_patch.o)
                                 0x14 (size before relaxing)
 .literal.esp_rom_spiflash_unlock
                0x40080b74        0x8 /home/esp32-dev/Desktop/GitHub/ESP32_SGTL5000_driver/build/spi_flash/libspi_flash.a(spi_flash_rom_patch.o)
                                 0x28 (size before relaxing)
 .literal.esp_rom_spiflash_erase_block
                0x40080b7c        0xc /home/esp32-dev/Desktop/GitHub/ESP32_SGTL5000_driver/build/spi_flash/libspi_flash.a(spi_flash_rom_patch.o)
                                 0x20 (size before relaxing)
 .literal.esp_rom_spiflash_erase_sector
                0x40080b88        0x0 /home/esp32-dev/Desktop/GitHub/ESP32_SGTL5000_driver/build/spi_flash/libspi_flash.a(spi_flash_rom_patch.o)
                                 0x20 (size before relaxing)
 .literal.esp_rom_spiflash_write
                0x40080b88        0x0 /home/esp32-dev/Desktop/GitHub/ESP32_SGTL5000_driver/build/spi_flash/libspi_flash.a(spi_flash_rom_patch.o)
                                 0x28 (size before relaxing)
 .literal.esp_rom_spiflash_write_encrypted
                0x40080b88        0xc /home/esp32-dev/Desktop/GitHub/ESP32_SGTL5000_driver/build/spi_flash/libspi_flash.a(spi_flash_rom_patch.o)
                                 0x10 (size before relaxing)
 .literal.esp_rom_spiflash_read
                0x40080b94       0x30 /home/esp32-dev/Desktop/GitHub/ESP32_SGTL5000_driver/build/spi_flash/libspi_flash.a(spi_flash_rom_patch.o)
                                 0x5c (size before relaxing)
 .iram1         0x40080bc4      0x2b4 /home/esp32-dev/Desktop/GitHub/ESP32_SGTL5000_driver/build/esp32/libesp32.a(cpu_start.o)
                                0x31c (size before relaxing)
                0x40080bc4                start_cpu0
                0x40080bc4                start_cpu0_default
                0x40080c64                start_cpu1_default
                0x40080c64                start_cpu1
                0x40080d0c                call_start_cpu0
 .iram1         0x40080e78       0x98 /home/esp32-dev/Desktop/GitHub/ESP32_SGTL5000_driver/build/esp32/libesp32.a(crosscore_int.o)
                                 0xa8 (size before relaxing)
                0x40080ebc                esp_crosscore_int_send_yield
 .iram1         0x40080f10      0x1f6 /home/esp32-dev/Desktop/GitHub/ESP32_SGTL5000_driver/build/esp32/libesp32.a(intr_alloc.o)
                                0x20a (size before relaxing)
                0x40080f4c                esp_intr_enable
                0x40080fd4                esp_intr_disable
                0x40081064                esp_intr_noniram_disable
                0x400810b0                esp_intr_noniram_enable
                0x400810f0                ets_isr_unmask
                0x400810fc                ets_isr_mask
 *fill*         0x40081106        0x2 
 .iram1         0x40081108       0x53 /home/esp32-dev/Desktop/GitHub/ESP32_SGTL5000_driver/build/esp32/libesp32.a(int_wdt.o)
 *fill*         0x4008115b        0x1 
 .iram1         0x4008115c       0x7f /home/esp32-dev/Desktop/GitHub/ESP32_SGTL5000_driver/build/esp32/libesp32.a(ipc.o)
                                 0x8b (size before relaxing)
 *fill*         0x400811db        0x1 
 .iram1         0x400811dc      0x131 /home/esp32-dev/Desktop/GitHub/ESP32_SGTL5000_driver/build/esp32/libesp32.a(system_api.o)
                                0x140 (size before relaxing)
                0x400811dc                esp_restart_noos
                0x40081304                esp_restart
                0x40081304                system_restart
 *fill*         0x4008130d        0x3 
 .iram1         0x40081310       0x2c /home/esp32-dev/Desktop/GitHub/ESP32_SGTL5000_driver/build/esp32/libesp32.a(cache_err_int.o)
                0x40081310                esp_cache_err_get_cpuid
 .iram1         0x4008133c        0xf /home/esp32-dev/Desktop/GitHub/ESP32_SGTL5000_driver/build/esp32/libesp32.a(cpu_freq.o)
                0x4008133c                ets_update_cpu_frequency
 *fill*         0x4008134b        0x1 
 .iram1         0x4008134c       0x1c /home/esp32-dev/Desktop/GitHub/ESP32_SGTL5000_driver/build/esp32/libesp32.a(freertos_hooks.o)
                0x4008134c                esp_vApplicationTickHook
 .iram1         0x40081368      0x516 /home/esp32-dev/Desktop/GitHub/ESP32_SGTL5000_driver/build/freertos/libfreertos.a(xtensa_vectors.o)
                0x40081368                _xt_panic
                0x40081480                _xt_user_exit
                0x40081750                _xt_medint2_exit
                0x400817dc                _xt_medint3_exit
 *fill*         0x4008187e        0x2 
 .iram1         0x40081880      0x17a /home/esp32-dev/Desktop/GitHub/ESP32_SGTL5000_driver/build/log/liblog.a(log.o)
                                0x186 (size before relaxing)
                0x40081880                esp_log_write
                0x400819b0                esp_log_early_timestamp
                0x400819c4                esp_log_timestamp
 *fill*         0x400819fa        0x2 
 .iram1         0x400819fc      0x1c8 /home/esp32-dev/Desktop/GitHub/ESP32_SGTL5000_driver/build/newlib/libnewlib.a(locks.o)
                                0x20c (size before relaxing)
                0x40081b18                _lock_init
                0x40081b24                _lock_init_recursive
                0x40081b30                _lock_close
                0x40081b6c                _lock_acquire
                0x40081b7c                _lock_acquire_recursive
                0x40081b8c                _lock_try_acquire
                0x40081b9c                _lock_try_acquire_recursive
                0x40081bac                _lock_release
                0x40081bb8                _lock_release_recursive
 .iram1         0x40081bc4       0x3c /home/esp32-dev/Desktop/GitHub/ESP32_SGTL5000_driver/build/newlib/libnewlib.a(reent_init.o)
                0x40081bc4                esp_reent_init
 .iram1         0x40081c00       0x76 /home/esp32-dev/Desktop/GitHub/ESP32_SGTL5000_driver/build/newlib/libnewlib.a(syscalls.o)
                                 0x86 (size before relaxing)
                0x40081c00                _malloc_r
                0x40081c0c                _free_r
                0x40081c18                _realloc_r
                0x40081c58                _calloc_r
 *fill*         0x40081c76        0x2 
 .iram1         0x40081c78       0xb4 /home/esp32-dev/Desktop/GitHub/ESP32_SGTL5000_driver/build/newlib/libnewlib.a(time.o)
                                 0xbc (size before relaxing)
                0x40081cc0                _gettimeofday_r
                0x40081d04                _times_r
 .iram1         0x40081d2c       0xf6 /home/esp32-dev/Desktop/GitHub/ESP32_SGTL5000_driver/build/soc/libsoc.a(cpu_util.o)
                0x40081d2c                esp_cpu_stall
                0x40081dc0                esp_cpu_unstall
                0x40081e14                esp_cpu_in_ocd_debug_mode
 *fill*         0x40081e22        0x2 
 .iram1         0x40081e24      0x2d9 /home/esp32-dev/Desktop/GitHub/ESP32_SGTL5000_driver/build/spi_flash/libspi_flash.a(cache_utils.o)
                                0x305 (size before relaxing)
                0x40081eec                spi_flash_op_block_func
                0x40081f3c                spi_flash_disable_interrupts_caches_and_other_cpu
                0x40082000                spi_flash_enable_interrupts_caches_and_other_cpu
                0x40082090                spi_flash_disable_interrupts_caches_and_other_cpu_no_os
                0x400820bc                spi_flash_enable_interrupts_caches_no_os
                0x400820d8                spi_flash_cache_enabled
 *fill*         0x400820fd        0x3 
 .iram1         0x40082100      0x575 /home/esp32-dev/Desktop/GitHub/ESP32_SGTL5000_driver/build/spi_flash/libspi_flash.a(flash_ops.o)
                                0x599 (size before relaxing)
                0x40082160                spi_flash_guard_set
                0x4008216c                spi_flash_get_chip_size
                0x40082178                spi_flash_erase_range
                0x4008221c                spi_flash_erase_sector
                0x4008222c                spi_flash_write
                0x400823b4                spi_flash_read
                0x40082538                spi_flash_read_encrypted
                0x40082580                spi_flash_write_encrypted
 *fill*         0x40082675        0x3 
 .iram1         0x40082678      0x39e /home/esp32-dev/Desktop/GitHub/ESP32_SGTL5000_driver/build/spi_flash/libspi_flash.a(flash_mmap.o)
                                0x3a2 (size before relaxing)
                0x40082764                spi_flash_mmap
                0x40082928                spi_flash_munmap
                0x400829cc                spi_flash_mark_modified_region
 *fill*         0x40082a16        0x2 
 .iram1         0x40082a18      0x18d /home/esp32-dev/Desktop/GitHub/ESP32_SGTL5000_driver/build/vfs/libvfs.a(vfs_uart.o)
                                0x1a9 (size before relaxing)
 *fill*         0x40082ba5        0x3 
 .iram1         0x40082ba8      0x392 /home/esp32-dev/Desktop/GitHub/ESP32_SGTL5000_driver/build/driver/libdriver.a(i2c.o)
                                0x396 (size before relaxing)
 *fill*         0x40082f3a        0x2 
 .iram1         0x40082f3c      0x145 /home/esp32-dev/Desktop/GitHub/ESP32_SGTL5000_driver/build/driver/libdriver.a(i2s.o)
                                0x174 (size before relaxing)
 *fill*         0x40083081        0x0 
 *fill*         0x40083081        0x0 
 *fill*         0x40083081        0x0 
 *fill*         0x40083081        0x0 
 *fill*         0x40083081        0x0 
 *fill*         0x40083081        0x0 
 *fill*         0x40083081        0x0 
 *fill*         0x40083081        0x0 
 *fill*         0x40083081        0x0 
 *fill*         0x40083081        0x0 
 *fill*         0x40083081        0x0 
 *fill*         0x40083081        0x0 
 *fill*         0x40083081        0x0 
 *libfreertos.a:(.literal .text .literal.* .text.*)
 *fill*         0x40083081        0x3 
 .text.prvInsertBlockIntoFreeList
                0x40083084       0x9f /home/esp32-dev/Desktop/GitHub/ESP32_SGTL5000_driver/build/freertos/libfreertos.a(heap_regions.o)
 *fill*         0x40083123        0x1 
 .text.pvPortMallocTagged
                0x40083124      0x114 /home/esp32-dev/Desktop/GitHub/ESP32_SGTL5000_driver/build/freertos/libfreertos.a(heap_regions.o)
                                0x123 (size before relaxing)
                0x40083124                pvPortMallocTagged
 *fill*         0x40083238        0x0 
 .text.vPortFreeTagged
                0x40083238       0x88 /home/esp32-dev/Desktop/GitHub/ESP32_SGTL5000_driver/build/freertos/libfreertos.a(heap_regions.o)
                                 0x94 (size before relaxing)
                0x40083238                vPortFreeTagged
 .text.vPortDefineHeapRegionsTagged
                0x400832c0      0x185 /home/esp32-dev/Desktop/GitHub/ESP32_SGTL5000_driver/build/freertos/libfreertos.a(heap_regions.o)
                                0x191 (size before relaxing)
                0x400832c0                vPortDefineHeapRegionsTagged
 *fill*         0x40083445        0x3 
 .text.pxPortInitialiseStack
                0x40083448       0x50 /home/esp32-dev/Desktop/GitHub/ESP32_SGTL5000_driver/build/freertos/libfreertos.a(port.o)
                0x40083448                pxPortInitialiseStack
 .text.xPortStartScheduler
                0x40083498       0x22 /home/esp32-dev/Desktop/GitHub/ESP32_SGTL5000_driver/build/freertos/libfreertos.a(port.o)
                                 0x2e (size before relaxing)
                0x40083498                xPortStartScheduler
 *fill*         0x400834ba        0x2 
 .text.xPortSysTickHandler
                0x400834bc       0x10 /home/esp32-dev/Desktop/GitHub/ESP32_SGTL5000_driver/build/freertos/libfreertos.a(port.o)
                                 0x16 (size before relaxing)
                0x400834bc                xPortSysTickHandler
 *fill*         0x400834cc        0x0 
 .text.vPortYieldOtherCore
                0x400834cc        0xa /home/esp32-dev/Desktop/GitHub/ESP32_SGTL5000_driver/build/freertos/libfreertos.a(port.o)
                                  0xe (size before relaxing)
                0x400834cc                vPortYieldOtherCore
 *fill*         0x400834d6        0x2 
 .text.xPortInIsrContext
                0x400834d8       0x26 /home/esp32-dev/Desktop/GitHub/ESP32_SGTL5000_driver/build/freertos/libfreertos.a(port.o)
                0x400834d8                xPortInIsrContext
 *fill*         0x400834fe        0x2 
 .text.vPortCPUInitializeMutex
                0x40083500        0xd /home/esp32-dev/Desktop/GitHub/ESP32_SGTL5000_driver/build/freertos/libfreertos.a(port.o)
                0x40083500                vPortCPUInitializeMutex
 *fill*         0x4008350d        0x3 
 .text.vPortCPUAcquireMutex
                0x40083510       0x60 /home/esp32-dev/Desktop/GitHub/ESP32_SGTL5000_driver/build/freertos/libfreertos.a(port.o)
                0x40083510                vPortCPUAcquireMutex
 .text.vPortCPUReleaseMutex
                0x40083570       0x63 /home/esp32-dev/Desktop/GitHub/ESP32_SGTL5000_driver/build/freertos/libfreertos.a(port.o)
                0x40083570                vPortCPUReleaseMutex
 *fill*         0x400835d3        0x1 
 .text.vPortFirstTaskHook
                0x400835d4        0xa /home/esp32-dev/Desktop/GitHub/ESP32_SGTL5000_driver/build/freertos/libfreertos.a(port.o)
                                  0xe (size before relaxing)
                0x400835d4                vPortFirstTaskHook
 *fill*         0x400835de        0x2 
 .text.prvCopyDataToQueue
                0x400835e0       0x9e /home/esp32-dev/Desktop/GitHub/ESP32_SGTL5000_driver/build/freertos/libfreertos.a(queue.o)
 *fill*         0x4008367e        0x2 
 .text.prvNotifyQueueSetContainer
                0x40083680       0x69 /home/esp32-dev/Desktop/GitHub/ESP32_SGTL5000_driver/build/freertos/libfreertos.a(queue.o)
                                 0x75 (size before relaxing)
 *fill*         0x400836e9        0x3 
 .text.prvCopyDataFromQueue
                0x400836ec       0x24 /home/esp32-dev/Desktop/GitHub/ESP32_SGTL5000_driver/build/freertos/libfreertos.a(queue.o)
 .text.prvIsQueueFull
                0x40083710       0x2a /home/esp32-dev/Desktop/GitHub/ESP32_SGTL5000_driver/build/freertos/libfreertos.a(queue.o)
 *fill*         0x4008373a        0x2 
 .text.xQueueGenericReset
                0x4008373c       0x86 /home/esp32-dev/Desktop/GitHub/ESP32_SGTL5000_driver/build/freertos/libfreertos.a(queue.o)
                                 0x96 (size before relaxing)
                0x4008373c                xQueueGenericReset
 *fill*         0x400837c2        0x2 
 .text.prvInitialiseNewQueue
                0x400837c4       0x1f /home/esp32-dev/Desktop/GitHub/ESP32_SGTL5000_driver/build/freertos/libfreertos.a(queue.o)
                                 0x23 (size before relaxing)
 *fill*         0x400837e3        0x1 
 .text.xQueueGenericCreate
                0x400837e4       0x45 /home/esp32-dev/Desktop/GitHub/ESP32_SGTL5000_driver/build/freertos/libfreertos.a(queue.o)
                                 0x4d (size before relaxing)
                0x400837e4                xQueueGenericCreate
 *fill*         0x40083829        0x3 
 .text.xQueueGetMutexHolder
                0x4008382c       0x23 /home/esp32-dev/Desktop/GitHub/ESP32_SGTL5000_driver/build/freertos/libfreertos.a(queue.o)
                0x4008382c                xQueueGetMutexHolder
 *fill*         0x4008384f        0x1 
 .text.xQueueGenericSend
                0x40083850      0x158 /home/esp32-dev/Desktop/GitHub/ESP32_SGTL5000_driver/build/freertos/libfreertos.a(queue.o)
                                0x18c (size before relaxing)
                0x40083850                xQueueGenericSend
 .text.prvInitialiseMutex
                0x400839a8       0x22 /home/esp32-dev/Desktop/GitHub/ESP32_SGTL5000_driver/build/freertos/libfreertos.a(queue.o)
                                 0x26 (size before relaxing)
 *fill*         0x400839ca        0x2 
 .text.xQueueCreateMutex
                0x400839cc       0x16 /home/esp32-dev/Desktop/GitHub/ESP32_SGTL5000_driver/build/freertos/libfreertos.a(queue.o)
                                 0x1a (size before relaxing)
                0x400839cc                xQueueCreateMutex
 *fill*         0x400839e2        0x2 
 .text.xQueueGiveMutexRecursive
                0x400839e4       0x48 /home/esp32-dev/Desktop/GitHub/ESP32_SGTL5000_driver/build/freertos/libfreertos.a(queue.o)
                                 0x4c (size before relaxing)
                0x400839e4                xQueueGiveMutexRecursive
 .text.xQueueGenericSendFromISR
                0x40083a2c       0xd6 /home/esp32-dev/Desktop/GitHub/ESP32_SGTL5000_driver/build/freertos/libfreertos.a(queue.o)
                                 0xe6 (size before relaxing)
                0x40083a2c                xQueueGenericSendFromISR
 *fill*         0x40083b02        0x2 
 .text.xQueueGiveFromISR
                0x40083b04       0xb6 /home/esp32-dev/Desktop/GitHub/ESP32_SGTL5000_driver/build/freertos/libfreertos.a(queue.o)
                                 0xc2 (size before relaxing)
                0x40083b04                xQueueGiveFromISR
 *fill*         0x40083bba        0x2 
 .text.xQueueGenericReceive
                0x40083bbc      0x144 /home/esp32-dev/Desktop/GitHub/ESP32_SGTL5000_driver/build/freertos/libfreertos.a(queue.o)
                                0x178 (size before relaxing)
                0x40083bbc                xQueueGenericReceive
 .text.xQueueTakeMutexRecursive
                0x40083d00       0x51 /home/esp32-dev/Desktop/GitHub/ESP32_SGTL5000_driver/build/freertos/libfreertos.a(queue.o)
                0x40083d00                xQueueTakeMutexRecursive
 *fill*         0x40083d51        0x3 
 .text.xQueueReceiveFromISR
                0x40083d54       0x96 /home/esp32-dev/Desktop/GitHub/ESP32_SGTL5000_driver/build/freertos/libfreertos.a(queue.o)
                                 0xa6 (size before relaxing)
                0x40083d54                xQueueReceiveFromISR
 *fill*         0x40083dea        0x2 
 .text.uxQueueSpacesAvailable
                0x40083dec       0x36 /home/esp32-dev/Desktop/GitHub/ESP32_SGTL5000_driver/build/freertos/libfreertos.a(queue.o)
                                 0x3e (size before relaxing)
                0x40083dec                uxQueueSpacesAvailable
 *fill*         0x40083e22        0x2 
 .text.vQueueDelete
                0x40083e24       0x25 /home/esp32-dev/Desktop/GitHub/ESP32_SGTL5000_driver/build/freertos/libfreertos.a(queue.o)
                                 0x28 (size before relaxing)
                0x40083e24                vQueueDelete
 *fill*         0x40083e49        0x3 
 .text.xQueueIsQueueFullFromISR
                0x40083e4c       0x40 /home/esp32-dev/Desktop/GitHub/ESP32_SGTL5000_driver/build/freertos/libfreertos.a(queue.o)
                                 0x44 (size before relaxing)
                0x40083e4c                xQueueIsQueueFullFromISR
 .text.vQueueWaitForMessageRestricted
                0x40083e8c       0x23 /home/esp32-dev/Desktop/GitHub/ESP32_SGTL5000_driver/build/freertos/libfreertos.a(queue.o)
                                 0x2a (size before relaxing)
                0x40083e8c                vQueueWaitForMessageRestricted
 *fill*         0x40083eaf        0x1 
 .text.prvResetNextTaskUnblockTime
                0x40083eb0       0x34 /home/esp32-dev/Desktop/GitHub/ESP32_SGTL5000_driver/build/freertos/libfreertos.a(tasks.o)
 .text.prvInitialiseNewTask
                0x40083ee4       0xc6 /home/esp32-dev/Desktop/GitHub/ESP32_SGTL5000_driver/build/freertos/libfreertos.a(tasks.o)
                                 0xd2 (size before relaxing)
 *fill*         0x40083faa        0x2 
 .text.prvInitialiseTaskLists
                0x40083fac       0x60 /home/esp32-dev/Desktop/GitHub/ESP32_SGTL5000_driver/build/freertos/libfreertos.a(tasks.o)
                                 0x74 (size before relaxing)
 .text.prvAddCurrentTaskToDelayedList
                0x4008400c       0x66 /home/esp32-dev/Desktop/GitHub/ESP32_SGTL5000_driver/build/freertos/libfreertos.a(tasks.o)
                                 0x6a (size before relaxing)
 *fill*         0x40084072        0x2 
 .text.prvDeleteTCB
                0x40084074       0x48 /home/esp32-dev/Desktop/GitHub/ESP32_SGTL5000_driver/build/freertos/libfreertos.a(tasks.o)
                                 0x53 (size before relaxing)
 *fill*         0x400840bc        0x0 
 .text.taskYIELD_OTHER_CORE
                0x400840bc       0x53 /home/esp32-dev/Desktop/GitHub/ESP32_SGTL5000_driver/build/freertos/libfreertos.a(tasks.o)
                0x400840bc                taskYIELD_OTHER_CORE
 *fill*         0x4008410f        0x1 
 .text.vTaskSuspendAll
                0x40084110       0x26 /home/esp32-dev/Desktop/GitHub/ESP32_SGTL5000_driver/build/freertos/libfreertos.a(tasks.o)
                0x40084110                vTaskSuspendAll
 *fill*         0x40084136        0x2 
 .text.vTaskSwitchContext
                0x40084138      0x27e /home/esp32-dev/Desktop/GitHub/ESP32_SGTL5000_driver/build/freertos/libfreertos.a(tasks.o)
                                0x286 (size before relaxing)
                0x40084138                vTaskSwitchContext
 *fill*         0x400843b6        0x2 
 .text.xTaskRemoveFromEventList
                0x400843b8      0x104 /home/esp32-dev/Desktop/GitHub/ESP32_SGTL5000_driver/build/freertos/libfreertos.a(tasks.o)
                                0x113 (size before relaxing)
                0x400843b8                xTaskRemoveFromEventList
 *fill*         0x400844bc        0x0 
 .text.vTaskSetTimeOutState
                0x400844bc       0x34 /home/esp32-dev/Desktop/GitHub/ESP32_SGTL5000_driver/build/freertos/libfreertos.a(tasks.o)
                0x400844bc                vTaskSetTimeOutState
 .text.xTaskGetCurrentTaskHandle
                0x400844f0       0x1f /home/esp32-dev/Desktop/GitHub/ESP32_SGTL5000_driver/build/freertos/libfreertos.a(tasks.o)
                0x400844f0                xTaskGetCurrentTaskHandle
 *fill*         0x4008450f        0x1 
 .text.__getreent
                0x40084510       0x19 /home/esp32-dev/Desktop/GitHub/ESP32_SGTL5000_driver/build/freertos/libfreertos.a(tasks.o)
                0x40084510                __getreent
 *fill*         0x40084529        0x3 
 .text.pcTaskGetTaskName
                0x4008452c       0x2a /home/esp32-dev/Desktop/GitHub/ESP32_SGTL5000_driver/build/freertos/libfreertos.a(tasks.o)
                                 0x2d (size before relaxing)
                0x4008452c                pcTaskGetTaskName
 *fill*         0x40084556        0x2 
 .text.xTaskGetAffinity
                0x40084558       0x10 /home/esp32-dev/Desktop/GitHub/ESP32_SGTL5000_driver/build/freertos/libfreertos.a(tasks.o)
                                 0x13 (size before relaxing)
                0x40084558                xTaskGetAffinity
 *fill*         0x40084568        0x0 
 .text.xTaskGetCurrentTaskHandleForCPU
                0x40084568       0x18 /home/esp32-dev/Desktop/GitHub/ESP32_SGTL5000_driver/build/freertos/libfreertos.a(tasks.o)
                0x40084568                xTaskGetCurrentTaskHandleForCPU
 .text.xTaskGetSchedulerState
                0x40084580       0x37 /home/esp32-dev/Desktop/GitHub/ESP32_SGTL5000_driver/build/freertos/libfreertos.a(tasks.o)
                0x40084580                xTaskGetSchedulerState
 *fill*         0x400845b7        0x1 
 .text.vTaskEnterCritical
                0x400845b8       0x72 /home/esp32-dev/Desktop/GitHub/ESP32_SGTL5000_driver/build/freertos/libfreertos.a(tasks.o)
                                 0x76 (size before relaxing)
                0x400845b8                vTaskEnterCritical
 *fill*         0x4008462a        0x2 
 .text.vTaskExitCritical
                0x4008462c       0x6e /home/esp32-dev/Desktop/GitHub/ESP32_SGTL5000_driver/build/freertos/libfreertos.a(tasks.o)
                                 0x72 (size before relaxing)
                0x4008462c                vTaskExitCritical
 *fill*         0x4008469a        0x2 
 .text.prvAddNewTaskToReadyList
                0x4008469c      0x158 /home/esp32-dev/Desktop/GitHub/ESP32_SGTL5000_driver/build/freertos/libfreertos.a(tasks.o)
                                0x167 (size before relaxing)
 *fill*         0x400847f4        0x0 
 .text.xTaskCreatePinnedToCore
                0x400847f4       0x65 /home/esp32-dev/Desktop/GitHub/ESP32_SGTL5000_driver/build/freertos/libfreertos.a(tasks.o)
                                 0x75 (size before relaxing)
                0x400847f4                xTaskCreatePinnedToCore
 *fill*         0x40084859        0x3 
 .text.vTaskStartScheduler
                0x4008485c       0x63 /home/esp32-dev/Desktop/GitHub/ESP32_SGTL5000_driver/build/freertos/libfreertos.a(tasks.o)
                                 0x6e (size before relaxing)
                0x4008485c                vTaskStartScheduler
 *fill*         0x400848bf        0x1 
 .text.vTaskDelete
                0x400848c0       0xb0 /home/esp32-dev/Desktop/GitHub/ESP32_SGTL5000_driver/build/freertos/libfreertos.a(tasks.o)
                                 0xcc (size before relaxing)
                0x400848c0                vTaskDelete
 .text.prvCheckTasksWaitingTermination
                0x40084970       0x7f /home/esp32-dev/Desktop/GitHub/ESP32_SGTL5000_driver/build/freertos/libfreertos.a(tasks.o)
                                 0x87 (size before relaxing)
 *fill*         0x400849ef        0x1 
 .text.prvIdleTask
                0x400849f0        0xc /home/esp32-dev/Desktop/GitHub/ESP32_SGTL5000_driver/build/freertos/libfreertos.a(tasks.o)
                                 0x12 (size before relaxing)
 *fill*         0x400849fc        0x0 
 .text.xTaskGetTickCount
                0x400849fc       0x1c /home/esp32-dev/Desktop/GitHub/ESP32_SGTL5000_driver/build/freertos/libfreertos.a(tasks.o)
                                 0x20 (size before relaxing)
                0x400849fc                xTaskGetTickCount
 .text.xTaskIncrementTick
                0x40084a18      0x1b2 /home/esp32-dev/Desktop/GitHub/ESP32_SGTL5000_driver/build/freertos/libfreertos.a(tasks.o)
                                0x1ce (size before relaxing)
                0x40084a18                xTaskIncrementTick
 *fill*         0x40084bca        0x2 
 .text.xTaskResumeAll
                0x40084bcc      0x17f /home/esp32-dev/Desktop/GitHub/ESP32_SGTL5000_driver/build/freertos/libfreertos.a(tasks.o)
                                0x192 (size before relaxing)
                0x40084bcc                xTaskResumeAll
 *fill*         0x40084d4b        0x1 
 .text.vTaskPlaceOnEventList
                0x40084d4c       0x8f /home/esp32-dev/Desktop/GitHub/ESP32_SGTL5000_driver/build/freertos/libfreertos.a(tasks.o)
                                 0xa3 (size before relaxing)
                0x40084d4c                vTaskPlaceOnEventList
 *fill*         0x40084ddb        0x1 
 .text.vTaskPlaceOnEventListRestricted
                0x40084ddc       0x6b /home/esp32-dev/Desktop/GitHub/ESP32_SGTL5000_driver/build/freertos/libfreertos.a(tasks.o)
                                 0x7f (size before relaxing)
                0x40084ddc                vTaskPlaceOnEventListRestricted
 *fill*         0x40084e47        0x1 
 .text.xTaskCheckForTimeOut
                0x40084e48       0x8b /home/esp32-dev/Desktop/GitHub/ESP32_SGTL5000_driver/build/freertos/libfreertos.a(tasks.o)
                                 0x96 (size before relaxing)
                0x40084e48                xTaskCheckForTimeOut
 *fill*         0x40084ed3        0x1 
 .text.vTaskPriorityInherit
                0x40084ed4       0xc4 /home/esp32-dev/Desktop/GitHub/ESP32_SGTL5000_driver/build/freertos/libfreertos.a(tasks.o)
                                 0xdb (size before relaxing)
                0x40084ed4                vTaskPriorityInherit
 *fill*         0x40084f98        0x0 
 .text.xTaskPriorityDisinherit
                0x40084f98       0x97 /home/esp32-dev/Desktop/GitHub/ESP32_SGTL5000_driver/build/freertos/libfreertos.a(tasks.o)
                                 0xaa (size before relaxing)
                0x40084f98                xTaskPriorityDisinherit
 *fill*         0x4008502f        0x1 
 .text.pvTaskIncrementMutexHeldCount
                0x40085030       0x50 /home/esp32-dev/Desktop/GitHub/ESP32_SGTL5000_driver/build/freertos/libfreertos.a(tasks.o)
                                 0x54 (size before relaxing)
                0x40085030                pvTaskIncrementMutexHeldCount
 .text.prvGetNextExpireTime
                0x40085080       0x20 /home/esp32-dev/Desktop/GitHub/ESP32_SGTL5000_driver/build/freertos/libfreertos.a(timers.o)
 .text.prvInsertTimerInActiveList
                0x400850a0       0x50 /home/esp32-dev/Desktop/GitHub/ESP32_SGTL5000_driver/build/freertos/libfreertos.a(timers.o)
                                 0x54 (size before relaxing)
 .text.prvCheckForValidListAndQueue
                0x400850f0       0x66 /home/esp32-dev/Desktop/GitHub/ESP32_SGTL5000_driver/build/freertos/libfreertos.a(timers.o)
                                 0x7e (size before relaxing)
 *fill*         0x40085156        0x2 
 .text.xTimerCreateTimerTask
                0x40085158       0x48 /home/esp32-dev/Desktop/GitHub/ESP32_SGTL5000_driver/build/freertos/libfreertos.a(timers.o)
                                 0x4c (size before relaxing)
                0x40085158                xTimerCreateTimerTask
 .text.xTimerGenericCommand
                0x400851a0       0x55 /home/esp32-dev/Desktop/GitHub/ESP32_SGTL5000_driver/build/freertos/libfreertos.a(timers.o)
                                 0x5d (size before relaxing)
                0x400851a0                xTimerGenericCommand
 *fill*         0x400851f5        0x3 
 .text.prvSwitchTimerLists
                0x400851f8       0x76 /home/esp32-dev/Desktop/GitHub/ESP32_SGTL5000_driver/build/freertos/libfreertos.a(timers.o)
                                 0x82 (size before relaxing)
 *fill*         0x4008526e        0x2 
 .text.prvSampleTimeNow
                0x40085270       0x2b /home/esp32-dev/Desktop/GitHub/ESP32_SGTL5000_driver/build/freertos/libfreertos.a(timers.o)
                                 0x2f (size before relaxing)
 *fill*         0x4008529b        0x1 
 .text.prvProcessExpiredTimer
                0x4008529c       0x53 /home/esp32-dev/Desktop/GitHub/ESP32_SGTL5000_driver/build/freertos/libfreertos.a(timers.o)
                                 0x5f (size before relaxing)
 *fill*         0x400852ef        0x1 
 .text.prvProcessTimerOrBlockTask
                0x400852f0       0x58 /home/esp32-dev/Desktop/GitHub/ESP32_SGTL5000_driver/build/freertos/libfreertos.a(timers.o)
                                 0x6c (size before relaxing)
 .text.prvProcessReceivedCommands
                0x40085348       0xd2 /home/esp32-dev/Desktop/GitHub/ESP32_SGTL5000_driver/build/freertos/libfreertos.a(timers.o)
                                 0xe6 (size before relaxing)
 *fill*         0x4008541a        0x2 
 .text.prvTimerTask
                0x4008541c       0x15 /home/esp32-dev/Desktop/GitHub/ESP32_SGTL5000_driver/build/freertos/libfreertos.a(timers.o)
                                 0x1d (size before relaxing)
 *fill*         0x40085431        0x3 
 .text._xt_tick_divisor_init
                0x40085434        0xd /home/esp32-dev/Desktop/GitHub/ESP32_SGTL5000_driver/build/freertos/libfreertos.a(xtensa_init.o)
                0x40085434                _xt_tick_divisor_init
 *fill*         0x40085441        0x3 
 .text.xt_unhandled_interrupt
                0x40085444       0x16 /home/esp32-dev/Desktop/GitHub/ESP32_SGTL5000_driver/build/freertos/libfreertos.a(xtensa_intr.o)
                0x40085444                xt_unhandled_interrupt
 *fill*         0x4008545a        0x2 
 .text.xt_set_interrupt_handler
                0x4008545c       0x4a /home/esp32-dev/Desktop/GitHub/ESP32_SGTL5000_driver/build/freertos/libfreertos.a(xtensa_intr.o)
                0x4008545c                xt_set_interrupt_handler
 *fill*         0x400854a6        0x2 
 .text          0x400854a8      0x1cc /home/esp32-dev/Desktop/GitHub/ESP32_SGTL5000_driver/build/freertos/libfreertos.a(portasm.o)
                0x400854a8                _frxt_setup_switch
                0x400854c0                _frxt_int_enter
                0x40085508                _frxt_int_exit
                0x40085558                _frxt_timer_int
                0x4008557c                _frxt_tick_timer_init
                0x40085594                _frxt_dispatch
                0x400855dc                vPortYield
                0x40085628                vPortYieldFromInt
                0x40085648                _frxt_task_coproc_state
 .text          0x40085674      0x12b /home/esp32-dev/Desktop/GitHub/ESP32_SGTL5000_driver/build/freertos/libfreertos.a(xtensa_context.o)
                0x40085674                _xt_context_save
                0x400856dc                _xt_context_restore
                0x40085720                _xt_coproc_init
                0x40085734                _xt_coproc_release
                0x40085760                _xt_coproc_savecs
                0x40085780                _xt_coproc_restorecs
 *fill*         0x4008579f        0x1 
 .text.returnItemToRingbufBytebuf
                0x400857a0       0x41 /home/esp32-dev/Desktop/GitHub/ESP32_SGTL5000_driver/build/freertos/libfreertos.a(ringbuf.o)
                                 0x45 (size before relaxing)
 *fill*         0x400857e1        0x3 
 .text.returnItemToRingbufDefault
                0x400857e4      0x11e /home/esp32-dev/Desktop/GitHub/ESP32_SGTL5000_driver/build/freertos/libfreertos.a(ringbuf.o)
                                0x12e (size before relaxing)
 *fill*         0x40085902        0x2 
 .text.getItemFromRingbufDefault
                0x40085904       0xa1 /home/esp32-dev/Desktop/GitHub/ESP32_SGTL5000_driver/build/freertos/libfreertos.a(ringbuf.o)
                                 0xa5 (size before relaxing)
 *fill*         0x400859a5        0x3 
 .text.copyItemToRingbufNoSplit
                0x400859a8       0xac /home/esp32-dev/Desktop/GitHub/ESP32_SGTL5000_driver/build/freertos/libfreertos.a(ringbuf.o)
                                 0xb0 (size before relaxing)
 .text.copyItemToRingbufByteBuf
                0x40085a54       0x46 /home/esp32-dev/Desktop/GitHub/ESP32_SGTL5000_driver/build/freertos/libfreertos.a(ringbuf.o)
 *fill*         0x40085a9a        0x2 
 .text.copyItemToRingbufAllowSplit
                0x40085a9c       0xfc /home/esp32-dev/Desktop/GitHub/ESP32_SGTL5000_driver/build/freertos/libfreertos.a(ringbuf.o)
                                0x108 (size before relaxing)
 .text.xRingbufferCreate
                0x40085b98       0xfd /home/esp32-dev/Desktop/GitHub/ESP32_SGTL5000_driver/build/freertos/libfreertos.a(ringbuf.o)
                                0x10c (size before relaxing)
                0x40085b98                xRingbufferCreate
 *fill*         0x40085c95        0x3 
 .text.vRingbufferDelete
                0x40085c98       0x28 /home/esp32-dev/Desktop/GitHub/ESP32_SGTL5000_driver/build/freertos/libfreertos.a(ringbuf.o)
                                 0x2c (size before relaxing)
                0x40085c98                vRingbufferDelete
 .text.xRingbufferSendFromISR
                0x40085cc0       0x5a /home/esp32-dev/Desktop/GitHub/ESP32_SGTL5000_driver/build/freertos/libfreertos.a(ringbuf.o)
                                 0x62 (size before relaxing)
                0x40085cc0                xRingbufferSendFromISR
 *fill*         0x40085d1a        0x2 
 .text.xRingbufferReceiveUpToFromISR
                0x40085d1c       0x60 /home/esp32-dev/Desktop/GitHub/ESP32_SGTL5000_driver/build/freertos/libfreertos.a(ringbuf.o)
                                 0x64 (size before relaxing)
                0x40085d1c                xRingbufferReceiveUpToFromISR
 .text.vRingbufferReturnItemFromISR
                0x40085d7c       0x24 /home/esp32-dev/Desktop/GitHub/ESP32_SGTL5000_driver/build/freertos/libfreertos.a(ringbuf.o)
                                 0x2c (size before relaxing)
                0x40085d7c                vRingbufferReturnItemFromISR
 *fill*         0x40085da0        0x0 
 *fill*         0x40085da0        0x0 
 *fill*         0x40085da0        0x0 
 *fill*         0x40085da0        0x0 
 *fill*         0x40085da0        0x0 
 *fill*         0x40085da0        0x0 
 .text.vPortStoreTaskMPUSettings
                0x40085da0       0x16 /home/esp32-dev/Desktop/GitHub/ESP32_SGTL5000_driver/build/freertos/libfreertos.a(port.o)
                0x40085da0                vPortStoreTaskMPUSettings
 *fill*         0x40085db6        0x0 
 *fill*         0x40085db6        0x0 
 *fill*         0x40085db6        0x0 
 *fill*         0x40085db6        0x0 
 *fill*         0x40085db6        0x2 
 .text.prvIsQueueEmpty
                0x40085db8       0x12 /home/esp32-dev/Desktop/GitHub/ESP32_SGTL5000_driver/build/freertos/libfreertos.a(queue.o)
 *fill*         0x40085dca        0x0 
 *fill*         0x40085dca        0x0 
 *fill*         0x40085dca        0x0 
 *fill*         0x40085dca        0x0 
 *fill*         0x40085dca        0x0 
 *fill*         0x40085dca        0x0 
 *fill*         0x40085dca        0x0 
 *fill*         0x40085dca        0x0 
 *fill*         0x40085dca        0x0 
 *fill*         0x40085dca        0x0 
 *fill*         0x40085dca        0x0 
 *fill*         0x40085dca        0x0 
 *fill*         0x40085dca        0x0 
 *fill*         0x40085dca        0x0 
 *fill*         0x40085dca        0x0 
 *fill*         0x40085dca        0x0 
 *fill*         0x40085dca        0x0 
 *fill*         0x40085dca        0x0 
 *fill*         0x40085dca        0x0 
 *fill*         0x40085dca        0x0 
 *fill*         0x40085dca        0x0 
 *fill*         0x40085dca        0x0 
 *fill*         0x40085dca        0x0 
 *fill*         0x40085dca        0x0 
 *fill*         0x40085dca        0x0 
 *fill*         0x40085dca        0x0 
 *fill*         0x40085dca        0x0 
 *fill*         0x40085dca        0x0 
 *fill*         0x40085dca        0x0 
 *fill*         0x40085dca        0x0 
 *fill*         0x40085dca        0x0 
 *fill*         0x40085dca        0x0 
 *fill*         0x40085dca        0x0 
 *fill*         0x40085dca        0x0 
 *fill*         0x40085dca        0x0 
 *fill*         0x40085dca        0x0 
 *fill*         0x40085dca        0x0 
 *fill*         0x40085dca        0x0 
 *fill*         0x40085dca        0x0 
 *fill*         0x40085dca        0x0 
 *fill*         0x40085dca        0x0 
 *fill*         0x40085dca        0x0 
 *fill*         0x40085dca        0x0 
 *fill*         0x40085dca        0x0 
 *fill*         0x40085dca        0x0 
 *fill*         0x40085dca        0x0 
 *fill*         0x40085dca        0x0 
 *fill*         0x40085dca        0x0 
 *fill*         0x40085dca        0x0 
 *fill*         0x40085dca        0x0 
 *fill*         0x40085dca        0x0 
 *fill*         0x40085dca        0x0 
 *fill*         0x40085dca        0x2 
 .text          0x40085dcc       0x33 /home/esp32-dev/Desktop/GitHub/ESP32_SGTL5000_driver/build/freertos/libfreertos.a(xtensa_intr_asm.o)
                0x40085dcc                xt_ints_on
                0x40085de4                xt_ints_off
 *fill*         0x40085dff        0x1 
 .text.vListInitialise
                0x40085e00       0x15 /home/esp32-dev/Desktop/GitHub/ESP32_SGTL5000_driver/build/freertos/libfreertos.a(list.o)
                0x40085e00                vListInitialise
 *fill*         0x40085e15        0x3 
 .text.vListInitialiseItem
                0x40085e18        0x9 /home/esp32-dev/Desktop/GitHub/ESP32_SGTL5000_driver/build/freertos/libfreertos.a(list.o)
                0x40085e18                vListInitialiseItem
 *fill*         0x40085e21        0x3 
 .text.vListInsertEnd
                0x40085e24       0x1b /home/esp32-dev/Desktop/GitHub/ESP32_SGTL5000_driver/build/freertos/libfreertos.a(list.o)
                0x40085e24                vListInsertEnd
 *fill*         0x40085e3f        0x1 
 .text.vListInsert
                0x40085e40       0x2f /home/esp32-dev/Desktop/GitHub/ESP32_SGTL5000_driver/build/freertos/libfreertos.a(list.o)
                0x40085e40                vListInsert
 *fill*         0x40085e6f        0x1 
 .text.uxListRemove
                0x40085e70       0x26 /home/esp32-dev/Desktop/GitHub/ESP32_SGTL5000_driver/build/freertos/libfreertos.a(list.o)
                0x40085e70                uxListRemove
 *fill*         0x40085e96        0x2 
 .text.ringbufferFreeMem
                0x40085e98       0x15 /home/esp32-dev/Desktop/GitHub/ESP32_SGTL5000_driver/build/freertos/libfreertos.a(ringbuf.o)
 *fill*         0x40085ead        0x3 
 .text.getItemFromRingbufByteBuf
                0x40085eb0       0x56 /home/esp32-dev/Desktop/GitHub/ESP32_SGTL5000_driver/build/freertos/libfreertos.a(ringbuf.o)
 *fill*         0x40085f06        0x0 
 *fill*         0x40085f06        0x0 
 *fill*         0x40085f06        0x0 
 *fill*         0x40085f06        0x0 
 *fill*         0x40085f06        0x0 
 *fill*         0x40085f06        0x0 
 *libesp32.a:panic.o(.literal .text .literal.* .text.*)
 *fill*         0x40085f06        0x2 
 .text.panicPutChar
                0x40085f08       0x1e /home/esp32-dev/Desktop/GitHub/ESP32_SGTL5000_driver/build/esp32/libesp32.a(panic.o)
 *fill*         0x40085f26        0x2 
 .text.panicPutStr
                0x40085f28       0x1a /home/esp32-dev/Desktop/GitHub/ESP32_SGTL5000_driver/build/esp32/libesp32.a(panic.o)
 *fill*         0x40085f42        0x2 
 .text.panicPutHex
                0x40085f44       0x2c /home/esp32-dev/Desktop/GitHub/ESP32_SGTL5000_driver/build/esp32/libesp32.a(panic.o)
                                 0x2f (size before relaxing)
 *fill*         0x40085f70        0x0 
 .text.panicPutDec
                0x40085f70       0x3c /home/esp32-dev/Desktop/GitHub/ESP32_SGTL5000_driver/build/esp32/libesp32.a(panic.o)
                                 0x46 (size before relaxing)
 *fill*         0x40085fac        0x0 
 .text.reconfigureAllWdts
                0x40085fac       0xa8 /home/esp32-dev/Desktop/GitHub/ESP32_SGTL5000_driver/build/esp32/libesp32.a(panic.o)
 .text.esp_panic_wdt_start
                0x40086054       0x80 /home/esp32-dev/Desktop/GitHub/ESP32_SGTL5000_driver/build/esp32/libesp32.a(panic.o)
 .text.putEntry
                0x400860d4       0x2b /home/esp32-dev/Desktop/GitHub/ESP32_SGTL5000_driver/build/esp32/libesp32.a(panic.o)
                                 0x37 (size before relaxing)
 *fill*         0x400860ff        0x1 
 .text.doBacktrace
                0x40086100       0x6c /home/esp32-dev/Desktop/GitHub/ESP32_SGTL5000_driver/build/esp32/libesp32.a(panic.o)
                                 0x77 (size before relaxing)
 *fill*         0x4008616c        0x0 
 .text.haltOtherCore
                0x4008616c       0x18 /home/esp32-dev/Desktop/GitHub/ESP32_SGTL5000_driver/build/esp32/libesp32.a(panic.o)
 .text.esp_panic_dig_reset
                0x40086184       0x33 /home/esp32-dev/Desktop/GitHub/ESP32_SGTL5000_driver/build/esp32/libesp32.a(panic.o)
                                 0x37 (size before relaxing)
 *fill*         0x400861b7        0x1 
 .text.abort    0x400861b8       0x39 /home/esp32-dev/Desktop/GitHub/ESP32_SGTL5000_driver/build/esp32/libesp32.a(panic.o)
                0x400861b8                abort
 *fill*         0x400861f1        0x3 
 .text.vApplicationStackOverflowHook
                0x400861f4       0x17 /home/esp32-dev/Desktop/GitHub/ESP32_SGTL5000_driver/build/esp32/libesp32.a(panic.o)
                                 0x23 (size before relaxing)
                0x400861f4                vApplicationStackOverflowHook
 *fill*         0x4008620b        0x1 
 .text.esp_panic_wdt_stop
                0x4008620c       0x44 /home/esp32-dev/Desktop/GitHub/ESP32_SGTL5000_driver/build/esp32/libesp32.a(panic.o)
                0x4008620c                esp_panic_wdt_stop
 .text.commonErrorHandler
                0x40086250       0x87 /home/esp32-dev/Desktop/GitHub/ESP32_SGTL5000_driver/build/esp32/libesp32.a(panic.o)
                                 0xae (size before relaxing)
 *fill*         0x400862d7        0x1 
 .text.panicHandler
                0x400862d8       0xdb /home/esp32-dev/Desktop/GitHub/ESP32_SGTL5000_driver/build/esp32/libesp32.a(panic.o)
                                0x112 (size before relaxing)
                0x400862d8                panicHandler
 *fill*         0x400863b3        0x1 
 .text.xt_unhandled_exception
                0x400863b4       0x63 /home/esp32-dev/Desktop/GitHub/ESP32_SGTL5000_driver/build/esp32/libesp32.a(panic.o)
                                 0x89 (size before relaxing)
                0x400863b4                xt_unhandled_exception
 *fill*         0x40086417        0x1 
 .text.esp_set_breakpoint_if_jtag
                0x40086418        0xf /home/esp32-dev/Desktop/GitHub/ESP32_SGTL5000_driver/build/esp32/libesp32.a(panic.o)
                                 0x16 (size before relaxing)
                0x40086418                esp_set_breakpoint_if_jtag
 *fill*         0x40086427        0x1 
 .text._esp_error_check_failed
                0x40086428       0x4b /home/esp32-dev/Desktop/GitHub/ESP32_SGTL5000_driver/build/esp32/libesp32.a(panic.o)
                                 0x4f (size before relaxing)
                0x40086428                _esp_error_check_failed
 *fill*         0x40086473        0x0 
 *fill*         0x40086473        0x0 
 *fill*         0x40086473        0x0 
 *fill*         0x40086473        0x1 
 .text.setFirstBreakpoint
                0x40086474       0x13 /home/esp32-dev/Desktop/GitHub/ESP32_SGTL5000_driver/build/esp32/libesp32.a(panic.o)
 *fill*         0x40086487        0x0 
 *fill*         0x40086487        0x0 
 *fill*         0x40086487        0x0 
 *fill*         0x40086487        0x0 
 *fill*         0x40086487        0x0 
 *fill*         0x40086487        0x0 
 *fill*         0x40086487        0x0 
 *fill*         0x40086487        0x0 
 *fill*         0x40086487        0x0 
 *fill*         0x40086487        0x0 
 *libesp32.a:core_dump.o(.literal .text .literal.* .text.*)
 *libesp32.a:heap_alloc_caps.o(.literal .text .literal.* .text.*)
 *fill*         0x40086487        0x1 
 .text.disable_mem_region
                0x40086488       0xe2 /home/esp32-dev/Desktop/GitHub/ESP32_SGTL5000_driver/build/esp32/libesp32.a(heap_alloc_caps.o)
 *fill*         0x4008656a        0x2 
 .text.dram_alloc_to_iram_addr
                0x4008656c       0x83 /home/esp32-dev/Desktop/GitHub/ESP32_SGTL5000_driver/build/esp32/libesp32.a(heap_alloc_caps.o)
                                 0x8b (size before relaxing)
 *fill*         0x400865ef        0x1 
 .text.heap_alloc_enable_nonos_stack_tag
                0x400865f0        0xd /home/esp32-dev/Desktop/GitHub/ESP32_SGTL5000_driver/build/esp32/libesp32.a(heap_alloc_caps.o)
                0x400865f0                heap_alloc_enable_nonos_stack_tag
 *fill*         0x400865fd        0x3 
 .text.heap_alloc_caps_init
                0x40086600      0x11b /home/esp32-dev/Desktop/GitHub/ESP32_SGTL5000_driver/build/esp32/libesp32.a(heap_alloc_caps.o)
                                0x137 (size before relaxing)
                0x40086600                heap_alloc_caps_init
 *fill*         0x4008671b        0x1 
 .text.vPortFree
                0x4008671c       0x22 /home/esp32-dev/Desktop/GitHub/ESP32_SGTL5000_driver/build/esp32/libesp32.a(heap_alloc_caps.o)
                                 0x26 (size before relaxing)
                0x4008671c                vPortFree
 *fill*         0x4008673e        0x2 
 .text.pvPortMallocCaps
                0x40086740       0xc9 /home/esp32-dev/Desktop/GitHub/ESP32_SGTL5000_driver/build/esp32/libesp32.a(heap_alloc_caps.o)
                                 0xcd (size before relaxing)
                0x40086740                pvPortMallocCaps
 *fill*         0x40086809        0x3 
 .text.pvPortMalloc
                0x4008680c       0x11 /home/esp32-dev/Desktop/GitHub/ESP32_SGTL5000_driver/build/esp32/libesp32.a(heap_alloc_caps.o)
                0x4008680c                pvPortMalloc
 *fill*         0x4008681d        0x0 
 *fill*         0x4008681d        0x0 
 *fill*         0x4008681d        0x0 
 *fill*         0x4008681d        0x0 
 *fill*         0x4008681d        0x0 
 *fill*         0x4008681d        0x0 
 *fill*         0x4008681d        0x0 
 *libphy.a:(.literal .text .literal.* .text.*)
 *librtc.a:(.literal .text .literal.* .text.*)
 *libsoc.a:(.literal .text .literal.* .text.*)
 *fill*         0x4008681d        0x3 
 .text.rtc_clk_bbpll_set
                0x40086820      0x14e /home/esp32-dev/Desktop/GitHub/ESP32_SGTL5000_driver/build/soc/libsoc.a(rtc_clk.o)
                0x40086820                rtc_clk_bbpll_set
 *fill*         0x4008696e        0x2 
 .text.rtc_clk_xtal_freq_get
                0x40086970       0x38 /home/esp32-dev/Desktop/GitHub/ESP32_SGTL5000_driver/build/soc/libsoc.a(rtc_clk.o)
                                 0x40 (size before relaxing)
                0x40086970                rtc_get_xtal
                0x40086970                rtc_clk_xtal_freq_get
 .text.rtc_clk_apb_freq_update
                0x400869a8       0x13 /home/esp32-dev/Desktop/GitHub/ESP32_SGTL5000_driver/build/soc/libsoc.a(rtc_clk.o)
                                 0x16 (size before relaxing)
                0x400869a8                rtc_clk_apb_freq_update
 *fill*         0x400869bb        0x1 
 .text.rtc_clk_cpu_freq_set
                0x400869bc      0x198 /home/esp32-dev/Desktop/GitHub/ESP32_SGTL5000_driver/build/soc/libsoc.a(rtc_clk.o)
                                0x1b4 (size before relaxing)
                0x400869bc                rtc_clk_cpu_freq_set
 .text.rtc_clk_apb_freq_get
                0x40086b54       0x13 /home/esp32-dev/Desktop/GitHub/ESP32_SGTL5000_driver/build/soc/libsoc.a(rtc_clk.o)
                                 0x16 (size before relaxing)
                0x40086b54                rtc_clk_apb_freq_get
 *fill*         0x40086b67        0x1 
 .text.rtc_init
                0x40086b68      0x340 /home/esp32-dev/Desktop/GitHub/ESP32_SGTL5000_driver/build/soc/libsoc.a(rtc_init.o)
                0x40086b68                rtc_init
 *fill*         0x40086ea8        0x0 
 .text.clk_val_is_valid
                0x40086ea8       0x20 /home/esp32-dev/Desktop/GitHub/ESP32_SGTL5000_driver/build/soc/libsoc.a(rtc_clk.o)
 .text.reg_val_to_clk_val
                0x40086ec8        0x8 /home/esp32-dev/Desktop/GitHub/ESP32_SGTL5000_driver/build/soc/libsoc.a(rtc_clk.o)
 .text.clk_val_to_reg_val
                0x40086ed0        0xe /home/esp32-dev/Desktop/GitHub/ESP32_SGTL5000_driver/build/soc/libsoc.a(rtc_clk.o)
 *fill*         0x40086ede        0x0 
 *fill*         0x40086ede        0x0 
 *fill*         0x40086ede        0x0 
 *fill*         0x40086ede        0x0 
 *libpp.a:pp.o(.literal .text .literal.* .text.*)
 *libpp.a:lmac.o(.literal .text .literal.* .text.*)
 *libpp.a:wdev.o(.literal .text .literal.* .text.*)
 *libcore.a:ets_timer.o(.literal .text .literal.* .text.*)
 *libnet80211.a:ieee80211_misc.o(.literal .text .literal.* .text.*)
 *libhal.a:(.literal .text .literal.* .text.*)
 *fill*         0x40086ede        0x2 
 .text          0x40086ee0      0x137 /home/esp32-dev/Desktop/GitHub/esp-idf/components/esp32/libhal.a(windowspill_asm.o)
                0x40086ee0                xthal_window_spill_nw
                0x40086ee0                xthal_spill_registers_into_stack_nw
                0x40086ff4                xthal_window_spill
 *fill*         0x40087017        0x1 